#
# There is insufficient memory for the Java Runtime Environment to continue.
# Native memory allocation (mmap) failed to map 93323264 bytes. Error detail: G1 virtual space
# Possible reasons:
#   The system is out of physical RAM or swap space
#   This process is running with CompressedOops enabled, and the Java Heap may be blocking the growth of the native heap
# Possible solutions:
#   Reduce memory load on the system
#   Increase physical memory or swap space
#   Check if swap backing store is full
#   Decrease Java heap size (-Xmx/-Xms)
#   Decrease number of Java threads
#   Decrease Java thread stack sizes (-Xss)
#   Set larger code cache with -XX:ReservedCodeCacheSize=
#   JVM is running with Unscaled Compressed Oops mode in which the Java heap is
#     placed in the first 4GB address space. The Java Heap base address is the
#     maximum limit for the native heap growth. Please use -XX:HeapBaseMinAddress
#     to set the Java Heap base and to place the Java Heap above 4GB virtual address.
# This output file may be truncated or incomplete.
#
#  Out of Memory Error (os_windows.cpp:3613), pid=19676, tid=17284
#
# JRE version: OpenJDK Runtime Environment Temurin-17.0.12+7 (17.0.12+7) (build 17.0.12+7)
# Java VM: OpenJDK 64-Bit Server VM Temurin-17.0.12+7 (17.0.12+7, mixed mode, sharing, tiered, compressed oops, compressed class ptrs, g1 gc, windows-amd64)
# No core dump will be written. Minidumps are not enabled by default on client versions of Windows
#

---------------  S U M M A R Y ------------

Command Line: -Djava.library.path= -Dlog4j.skipJansi=true -Djava.io.tmpdir=C:\Users\MRT~1\AppData\Local\Temp\ -Dorg.glassfish.grizzly.DEFAULT_MEMORY_MANAGER=org.glassfish.grizzly.memory.HeapMemoryManager -Dmule.testingMode -Dmunit.server.port=40213 -Dlog4j.configurationFile=C:\Users\Mr T\AppData\Local\Temp\munit-temp-dir\munittarget6917703649696626887\test-classes\log4j2-test.xml --add-opens=java.base/java.lang.reflect=org.mule.runtime.embedded.api --add-opens=java.base/java.lang=org.mule.runtime.embedded.api --add-opens=java.base/java.lang.invoke=org.mule.runtime.embedded.api --add-opens=java.sql/java.sql=org.mule.runtime.embedded.api -Dfile.encoding=UTF-8 -Dstdout.encoding=UTF-8 -Dstderr.encoding=UTF-8 --module-path=C:\Users\Mr T\Downloads\AnypointStudio\plugins\org.mule.tooling.ui.contribution.munit_2.7.15.202502051553\1758\dependencies -XX:+ShowCodeDetailsInExceptionMessages -Djdk.module.main=munit.starter munit.starter/org.mule.munit.starter.LayerStarter -run_configuration C:\Users\Mr T\AppData\Local\Temp\munit-temp-dir\munitworkingdir15163130761278830294\run-configuration.json -module_path C:\Users\Mr T\Downloads\AnypointStudio\plugins\org.mule.tooling.ui.contribution.munit_2.7.15.202502051553\1617\dependencies

Host: 13th Gen Intel(R) Core(TM) i5-1334U, 12 cores, 7G,  Windows 11 , 64 bit Build 26100 (10.0.26100.8246)
Time: Sun May 10 12:46:22 2026 India Standard Time elapsed time: 4.236702 seconds (0d 0h 0m 4s)

---------------  T H R E A D  ---------------

Current thread (0x000002a8f64e6440):  VMThread "VM Thread" [stack: 0x000000e39c400000,0x000000e39c500000] [id=17284]

Stack: [0x000000e39c400000,0x000000e39c500000]
Native frames: (J=compiled Java code, j=interpreted, Vv=VM code, C=native code)
V  [jvm.dll+0x67f929]
V  [jvm.dll+0x8371ba]
V  [jvm.dll+0x838c7e]
V  [jvm.dll+0x8392e3]
V  [jvm.dll+0x24834f]
V  [jvm.dll+0x67c6e9]
V  [jvm.dll+0x6711aa]
V  [jvm.dll+0x307f7b]
V  [jvm.dll+0x30f476]
V  [jvm.dll+0x35f63e]
V  [jvm.dll+0x35f87f]
V  [jvm.dll+0x2def9c]
V  [jvm.dll+0x2dd35f]
V  [jvm.dll+0x2dca8c]
V  [jvm.dll+0x32015b]
V  [jvm.dll+0x83d7dd]
V  [jvm.dll+0x83e522]
V  [jvm.dll+0x83ea4f]
V  [jvm.dll+0x83ee34]
V  [jvm.dll+0x83ef00]
V  [jvm.dll+0x7e65dc]
V  [jvm.dll+0x67e7f7]
C  [ucrtbase.dll+0x37b0]
C  [KERNEL32.DLL+0x2e8d7]
C  [ntdll.dll+0x8c3fc]

VM_Operation (0x000000e39e3fcb60): G1CollectForAllocation, mode: safepoint, requested by thread 0x000002a8fc0c1e90


---------------  P R O C E S S  ---------------

Threads class SMR info:
_java_thread_list=0x000002a8fd14b8c0, length=21, elements={
0x000002a8d6636120, 0x000002a8f64ed150, 0x000002a8f64efa30, 0x000002a8f65028a0,
0x000002a8f6507180, 0x000002a8f65081f0, 0x000002a8f6509260, 0x000002a8f650e8b0,
0x000002a8f6511280, 0x000002a8f6514340, 0x000002a8fb0ef050, 0x000002a8fb165b10,
0x000002a8fb2174c0, 0x000002a8fb8af740, 0x000002a8fc727010, 0x000002a8fc0bf610,
0x000002a8fc0c0540, 0x000002a8fc0bf100, 0x000002a8fc0c0a50, 0x000002a8fc0c1e90,
0x000002a8fc0c1980
}

Java Threads: ( => current thread )
  0x000002a8d6636120 JavaThread "main" [_thread_blocked, id=26264, stack(0x000000e39be00000,0x000000e39bf00000)]
  0x000002a8f64ed150 JavaThread "Reference Handler" daemon [_thread_blocked, id=29212, stack(0x000000e39c500000,0x000000e39c600000)]
  0x000002a8f64efa30 JavaThread "Finalizer" daemon [_thread_blocked, id=5564, stack(0x000000e39c600000,0x000000e39c700000)]
  0x000002a8f65028a0 JavaThread "Signal Dispatcher" daemon [_thread_blocked, id=22316, stack(0x000000e39c700000,0x000000e39c800000)]
  0x000002a8f6507180 JavaThread "Attach Listener" daemon [_thread_blocked, id=1368, stack(0x000000e39c800000,0x000000e39c900000)]
  0x000002a8f65081f0 JavaThread "Service Thread" daemon [_thread_blocked, id=21188, stack(0x000000e39c900000,0x000000e39ca00000)]
  0x000002a8f6509260 JavaThread "Monitor Deflation Thread" daemon [_thread_blocked, id=32068, stack(0x000000e39ca00000,0x000000e39cb00000)]
  0x000002a8f650e8b0 JavaThread "C2 CompilerThread0" daemon [_thread_blocked, id=17428, stack(0x000000e39cb00000,0x000000e39cc00000)]
  0x000002a8f6511280 JavaThread "C1 CompilerThread0" daemon [_thread_blocked, id=23520, stack(0x000000e39cc00000,0x000000e39cd00000)]
  0x000002a8f6514340 JavaThread "Sweeper thread" daemon [_thread_blocked, id=23664, stack(0x000000e39cd00000,0x000000e39ce00000)]
  0x000002a8fb0ef050 JavaThread "Common-Cleaner" daemon [_thread_blocked, id=24132, stack(0x000000e39ce00000,0x000000e39cf00000)]
  0x000002a8fb165b10 JavaThread "C2 CompilerThread1" daemon [_thread_blocked, id=25240, stack(0x000000e39cf00000,0x000000e39d000000)]
  0x000002a8fb2174c0 JavaThread "Notification Thread" daemon [_thread_blocked, id=15700, stack(0x000000e39d000000,0x000000e39d100000)]
  0x000002a8fb8af740 JavaThread "Log4j2-TF-1-AsyncLoggerConfig-1" daemon [_thread_blocked, id=20524, stack(0x000000e39d500000,0x000000e39d600000)]
  0x000002a8fc727010 JavaThread "Log4j2-TF-3-AsyncLoggerConfig-2" daemon [_thread_blocked, id=12476, stack(0x000000e39d600000,0x000000e39d700000)]
  0x000002a8fc0bf610 JavaThread "pool-4-thread-1" [_thread_in_native, id=6084, stack(0x000000e39df00000,0x000000e39e000000)]
  0x000002a8fc0c0540 JavaThread "ParallelDescriptorResolver-2-0" daemon [_thread_blocked, id=5932, stack(0x000000e39e000000,0x000000e39e100000)]
  0x000002a8fc0bf100 JavaThread "ParallelDescriptorResolver-2-1" daemon [_thread_blocked, id=27916, stack(0x000000e39e100000,0x000000e39e200000)]
  0x000002a8fc0c0a50 JavaThread "ParallelDescriptorResolver-2-2" daemon [_thread_blocked, id=29920, stack(0x000000e39e200000,0x000000e39e300000)]
  0x000002a8fc0c1e90 JavaThread "ParallelDescriptorResolver-2-3" daemon [_thread_blocked, id=26244, stack(0x000000e39e300000,0x000000e39e400000)]
  0x000002a8fc0c1980 JavaThread "ParallelDescriptorResolver-2-4" daemon [_thread_blocked, id=25864, stack(0x000000e39e700000,0x000000e39e800000)]

Other Threads:
=>0x000002a8f64e6440 VMThread "VM Thread" [stack: 0x000000e39c400000,0x000000e39c500000] [id=17284]
  0x000002a8fb2179a0 WatcherThread [stack: 0x000000e39d100000,0x000000e39d200000] [id=12268]
  0x000002a8d66938d0 GCTaskThread "GC Thread#0" [stack: 0x000000e39bf00000,0x000000e39c000000] [id=28792]
  0x000002a8fb621200 GCTaskThread "GC Thread#1" [stack: 0x000000e39d200000,0x000000e39d300000] [id=2760]
  0x000002a8fb560170 GCTaskThread "GC Thread#2" [stack: 0x000000e39d300000,0x000000e39d400000] [id=26564]
  0x000002a8fb560430 GCTaskThread "GC Thread#3" [stack: 0x000000e39d400000,0x000000e39d500000] [id=23328]
  0x000002a8fc9e3540 GCTaskThread "GC Thread#4" [stack: 0x000000e39d700000,0x000000e39d800000] [id=31708]
  0x000002a8fc9d9fd0 GCTaskThread "GC Thread#5" [stack: 0x000000e39d800000,0x000000e39d900000] [id=23348]
  0x000002a8fb9aa1d0 GCTaskThread "GC Thread#6" [stack: 0x000000e39d900000,0x000000e39da00000] [id=4356]
  0x000002a8fc07f8a0 GCTaskThread "GC Thread#7" [stack: 0x000000e39da00000,0x000000e39db00000] [id=25172]
  0x000002a8fb898170 GCTaskThread "GC Thread#8" [stack: 0x000000e39db00000,0x000000e39dc00000] [id=15980]
  0x000002a8fc43ef00 GCTaskThread "GC Thread#9" [stack: 0x000000e39dc00000,0x000000e39dd00000] [id=18316]
  0x000002a8d66a5de0 ConcurrentGCThread "G1 Main Marker" [stack: 0x000000e39c000000,0x000000e39c100000] [id=27460]
  0x000002a8d66a87d0 ConcurrentGCThread "G1 Conc#0" [stack: 0x000000e39c100000,0x000000e39c200000] [id=8684]
  0x000002a8f6395c70 ConcurrentGCThread "G1 Refine#0" [stack: 0x000000e39c200000,0x000000e39c300000] [id=28264]
  0x000002a8fb898430 ConcurrentGCThread "G1 Refine#1" [stack: 0x000000e39dd00000,0x000000e39de00000] [id=5860]
  0x000002a8fbfd0030 ConcurrentGCThread "G1 Refine#2" [stack: 0x000000e39de00000,0x000000e39df00000] [id=6824]
  0x000002a8fc319390 ConcurrentGCThread "G1 Refine#3" [stack: 0x000000e39e400000,0x000000e39e500000] [id=10232]
  0x000002a8fc256a70 ConcurrentGCThread "G1 Refine#4" [stack: 0x000000e39e500000,0x000000e39e600000] [id=29304]
  0x000002a8fbcbb4d0 ConcurrentGCThread "G1 Refine#5" [stack: 0x000000e39e600000,0x000000e39e700000] [id=20180]
  0x000002a8f6398360 ConcurrentGCThread "G1 Service" [stack: 0x000000e39c300000,0x000000e39c400000] [id=31852]

Threads with active compile tasks:
C2 CompilerThread0     4281 5009       4       sun.nio.cs.UTF_8$Decoder::decodeArrayLoop (688 bytes)
C1 CompilerThread0     4281 5297       2       java.lang.String::codePointCount (46 bytes)
C2 CompilerThread1     4281 4958 %     4       java.lang.module.Resolver::makeGraph @ 437 (824 bytes)

VM state: at safepoint (normal execution)

VM Mutex/Monitor currently owned by a thread:  ([mutex/lock_event])
[0x000002a8d6630b70] Threads_lock - owner thread: 0x000002a8f64e6440
[0x000002a8d6630930] Heap_lock - owner thread: 0x000002a8fc0c1e90

Heap address: 0x0000000084e00000, size: 1970 MB, Compressed Oops mode: 32-bit

CDS archive(s) mapped at: [0x000002a880000000-0x000002a880bb0000-0x000002a880bb0000), size 12255232, SharedBaseAddress: 0x000002a880000000, ArchiveRelocationMode: 1.
Compressed class space mapped at: 0x000002a881000000-0x000002a8c1000000, reserved size: 1073741824
Narrow klass base: 0x000002a880000000, Narrow klass shift: 0, Narrow klass range: 0x100000000

GC Precious Log:
 CPUs: 12 total, 12 available
 Memory: 7876M
 Large Page Support: Disabled
 NUMA Support: Disabled
 Compressed Oops: Enabled (32-bit)
 Heap Region Size: 1M
 Heap Min Capacity: 8M
 Heap Initial Capacity: 124M
 Heap Max Capacity: 1970M
 Pre-touch: Disabled
 Parallel Workers: 10
 Concurrent Workers: 3
 Concurrent Refinement Workers: 10
 Periodic GC: Disabled

Heap:
 garbage-first heap   total 181248K, used 64512K [0x0000000084e00000, 0x0000000100000000)
  region size 1024K, 12 young (12288K), 12 survivors (12288K)
 Metaspace       used 18962K, committed 19328K, reserved 1114112K
  class space    used 2094K, committed 2240K, reserved 1048576K

Heap Regions: E=young(eden), S=young(survivor), O=old, HS=humongous(starts), HC=humongous(continues), CS=collection set, F=free, OA=open archive, CA=closed archive, TAMS=top-at-mark-start (previous, next)
|   0|0x0000000084e00000, 0x0000000084f00000, 0x0000000084f00000|100%|HS|  |TAMS 0x0000000084e00000, 0x0000000084e00000| Complete 
|   1|0x0000000084f00000, 0x0000000085000000, 0x0000000085000000|100%| O|  |TAMS 0x0000000084f00000, 0x0000000084f00000| Untracked 
|   2|0x0000000085000000, 0x0000000085100000, 0x0000000085100000|100%| O|  |TAMS 0x0000000085000000, 0x0000000085000000| Untracked 
|   3|0x0000000085100000, 0x0000000085200000, 0x0000000085200000|100%| O|  |TAMS 0x0000000085100000, 0x0000000085100000| Untracked 
|   4|0x0000000085200000, 0x0000000085300000, 0x0000000085300000|100%| O|  |TAMS 0x0000000085200000, 0x0000000085200000| Untracked 
|   5|0x0000000085300000, 0x0000000085400000, 0x0000000085400000|100%| O|  |TAMS 0x0000000085300000, 0x0000000085300000| Untracked 
|   6|0x0000000085400000, 0x0000000085500000, 0x0000000085500000|100%| O|  |TAMS 0x0000000085400000, 0x0000000085400000| Untracked 
|   7|0x0000000085500000, 0x0000000085600000, 0x0000000085600000|100%| O|  |TAMS 0x0000000085500000, 0x0000000085500000| Untracked 
|   8|0x0000000085600000, 0x0000000085700000, 0x0000000085700000|100%| O|  |TAMS 0x0000000085600000, 0x0000000085600000| Untracked 
|   9|0x0000000085700000, 0x0000000085800000, 0x0000000085800000|100%| O|  |TAMS 0x0000000085700000, 0x0000000085700000| Untracked 
|  10|0x0000000085800000, 0x0000000085900000, 0x0000000085900000|100%| O|  |TAMS 0x0000000085800000, 0x0000000085800000| Untracked 
|  11|0x0000000085900000, 0x0000000085a00000, 0x0000000085a00000|100%| O|  |TAMS 0x0000000085900000, 0x0000000085900000| Untracked 
|  12|0x0000000085a00000, 0x0000000085b00000, 0x0000000085b00000|100%| O|  |TAMS 0x0000000085a00000, 0x0000000085a00000| Untracked 
|  13|0x0000000085b00000, 0x0000000085c00000, 0x0000000085c00000|100%| O|  |TAMS 0x0000000085b00000, 0x0000000085b00000| Untracked 
|  14|0x0000000085c00000, 0x0000000085d00000, 0x0000000085d00000|100%| O|  |TAMS 0x0000000085c00000, 0x0000000085c00000| Untracked 
|  15|0x0000000085d00000, 0x0000000085e00000, 0x0000000085e00000|100%| O|  |TAMS 0x0000000085d00000, 0x0000000085d00000| Untracked 
|  16|0x0000000085e00000, 0x0000000085f00000, 0x0000000085f00000|100%| O|  |TAMS 0x0000000085e00000, 0x0000000085e00000| Untracked 
|  17|0x0000000085f00000, 0x0000000086000000, 0x0000000086000000|100%| O|  |TAMS 0x0000000085f00000, 0x0000000085f00000| Untracked 
|  18|0x0000000086000000, 0x0000000086100000, 0x0000000086100000|100%| O|  |TAMS 0x0000000086000000, 0x0000000086000000| Untracked 
|  19|0x0000000086100000, 0x0000000086200000, 0x0000000086200000|100%| O|  |TAMS 0x0000000086100000, 0x0000000086100000| Untracked 
|  20|0x0000000086200000, 0x0000000086300000, 0x0000000086300000|100%| O|  |TAMS 0x0000000086200000, 0x0000000086200000| Untracked 
|  21|0x0000000086300000, 0x0000000086400000, 0x0000000086400000|100%| O|  |TAMS 0x0000000086300000, 0x0000000086300000| Untracked 
|  22|0x0000000086400000, 0x0000000086500000, 0x0000000086500000|100%| O|  |TAMS 0x0000000086400000, 0x0000000086400000| Untracked 
|  23|0x0000000086500000, 0x0000000086600000, 0x0000000086600000|100%| O|  |TAMS 0x0000000086500000, 0x0000000086500000| Untracked 
|  24|0x0000000086600000, 0x0000000086700000, 0x0000000086700000|100%| O|  |TAMS 0x0000000086600000, 0x0000000086600000| Untracked 
|  25|0x0000000086700000, 0x0000000086800000, 0x0000000086800000|100%| O|  |TAMS 0x0000000086700000, 0x0000000086700000| Untracked 
|  26|0x0000000086800000, 0x0000000086900000, 0x0000000086900000|100%| O|  |TAMS 0x0000000086800000, 0x0000000086800000| Untracked 
|  27|0x0000000086900000, 0x0000000086a00000, 0x0000000086a00000|100%| O|  |TAMS 0x0000000086900000, 0x0000000086900000| Untracked 
|  28|0x0000000086a00000, 0x0000000086b00000, 0x0000000086b00000|100%| O|  |TAMS 0x0000000086a00000, 0x0000000086a00000| Untracked 
|  29|0x0000000086b00000, 0x0000000086c00000, 0x0000000086c00000|100%| O|  |TAMS 0x0000000086b00000, 0x0000000086b00000| Untracked 
|  30|0x0000000086c00000, 0x0000000086d00000, 0x0000000086d00000|100%| O|  |TAMS 0x0000000086c00000, 0x0000000086c00000| Untracked 
|  31|0x0000000086d00000, 0x0000000086e00000, 0x0000000086e00000|100%| O|  |TAMS 0x0000000086d00000, 0x0000000086d00000| Untracked 
|  32|0x0000000086e00000, 0x0000000086f00000, 0x0000000086f00000|100%|HS|  |TAMS 0x0000000086e00000, 0x0000000086e00000| Complete 
|  33|0x0000000086f00000, 0x0000000087000000, 0x0000000087000000|100%|HC|  |TAMS 0x0000000086f00000, 0x0000000086f00000| Complete 
|  34|0x0000000087000000, 0x0000000087100000, 0x0000000087100000|100%|HS|  |TAMS 0x0000000087000000, 0x0000000087000000| Complete 
|  35|0x0000000087100000, 0x0000000087200000, 0x0000000087200000|100%|HS|  |TAMS 0x0000000087100000, 0x0000000087100000| Complete 
|  36|0x0000000087200000, 0x0000000087300000, 0x0000000087300000|100%|HC|  |TAMS 0x0000000087200000, 0x0000000087200000| Complete 
|  37|0x0000000087300000, 0x0000000087400000, 0x0000000087400000|100%| O|  |TAMS 0x0000000087300000, 0x0000000087300000| Untracked 
|  38|0x0000000087400000, 0x0000000087500000, 0x0000000087500000|100%| O|  |TAMS 0x0000000087400000, 0x0000000087400000| Untracked 
|  39|0x0000000087500000, 0x0000000087600000, 0x0000000087600000|100%| O|  |TAMS 0x0000000087500000, 0x0000000087500000| Untracked 
|  40|0x0000000087600000, 0x0000000087700000, 0x0000000087700000|100%| O|  |TAMS 0x0000000087600000, 0x0000000087600000| Untracked 
|  41|0x0000000087700000, 0x0000000087800000, 0x0000000087800000|100%| O|  |TAMS 0x0000000087700000, 0x0000000087700000| Untracked 
|  42|0x0000000087800000, 0x0000000087900000, 0x0000000087900000|100%| O|  |TAMS 0x0000000087800000, 0x0000000087800000| Untracked 
|  43|0x0000000087900000, 0x0000000087a00000, 0x0000000087a00000|100%| O|  |TAMS 0x0000000087900000, 0x0000000087900000| Untracked 
|  44|0x0000000087a00000, 0x0000000087b00000, 0x0000000087b00000|100%| O|  |TAMS 0x0000000087a00000, 0x0000000087a00000| Untracked 
|  45|0x0000000087b00000, 0x0000000087c00000, 0x0000000087c00000|100%| O|  |TAMS 0x0000000087b00000, 0x0000000087b00000| Untracked 
|  46|0x0000000087c00000, 0x0000000087d00000, 0x0000000087d00000|100%| O|  |TAMS 0x0000000087c00000, 0x0000000087c00000| Untracked 
|  47|0x0000000087d00000, 0x0000000087e00000, 0x0000000087e00000|100%| O|  |TAMS 0x0000000087d00000, 0x0000000087d00000| Untracked 
|  48|0x0000000087e00000, 0x0000000087f00000, 0x0000000087f00000|100%| O|  |TAMS 0x0000000087e00000, 0x0000000087e00000| Untracked 
|  49|0x0000000087f00000, 0x0000000088000000, 0x0000000088000000|100%| O|  |TAMS 0x0000000087f00000, 0x0000000087f00000| Untracked 
|  50|0x0000000088000000, 0x0000000088100000, 0x0000000088100000|100%| O|  |TAMS 0x0000000088000000, 0x0000000088000000| Untracked 
|  51|0x0000000088100000, 0x0000000088100000, 0x0000000088200000|  0%| F|  |TAMS 0x0000000088100000, 0x0000000088100000| Untracked 
|  52|0x0000000088200000, 0x0000000088200000, 0x0000000088300000|  0%| F|  |TAMS 0x0000000088200000, 0x0000000088200000| Untracked 
|  53|0x0000000088300000, 0x0000000088300000, 0x0000000088400000|  0%| F|  |TAMS 0x0000000088300000, 0x0000000088300000| Untracked 
|  54|0x0000000088400000, 0x0000000088400000, 0x0000000088500000|  0%| F|  |TAMS 0x0000000088400000, 0x0000000088400000| Untracked 
|  55|0x0000000088500000, 0x0000000088500000, 0x0000000088600000|  0%| F|  |TAMS 0x0000000088500000, 0x0000000088500000| Untracked 
|  56|0x0000000088600000, 0x0000000088600000, 0x0000000088700000|  0%| F|  |TAMS 0x0000000088600000, 0x0000000088600000| Untracked 
|  57|0x0000000088700000, 0x0000000088700000, 0x0000000088800000|  0%| F|  |TAMS 0x0000000088700000, 0x0000000088700000| Untracked 
|  58|0x0000000088800000, 0x0000000088800000, 0x0000000088900000|  0%| F|  |TAMS 0x0000000088800000, 0x0000000088800000| Untracked 
|  59|0x0000000088900000, 0x0000000088900000, 0x0000000088a00000|  0%| F|  |TAMS 0x0000000088900000, 0x0000000088900000| Untracked 
|  60|0x0000000088a00000, 0x0000000088a00000, 0x0000000088b00000|  0%| F|  |TAMS 0x0000000088a00000, 0x0000000088a00000| Untracked 
|  61|0x0000000088b00000, 0x0000000088b00000, 0x0000000088c00000|  0%| F|  |TAMS 0x0000000088b00000, 0x0000000088b00000| Untracked 
|  62|0x0000000088c00000, 0x0000000088c00000, 0x0000000088d00000|  0%| F|  |TAMS 0x0000000088c00000, 0x0000000088c00000| Untracked 
|  63|0x0000000088d00000, 0x0000000088d00000, 0x0000000088e00000|  0%| F|  |TAMS 0x0000000088d00000, 0x0000000088d00000| Untracked 
|  64|0x0000000088e00000, 0x0000000088e00000, 0x0000000088f00000|  0%| F|  |TAMS 0x0000000088e00000, 0x0000000088e00000| Untracked 
|  65|0x0000000088f00000, 0x0000000088f00000, 0x0000000089000000|  0%| F|  |TAMS 0x0000000088f00000, 0x0000000088f00000| Untracked 
|  66|0x0000000089000000, 0x0000000089000000, 0x0000000089100000|  0%| F|  |TAMS 0x0000000089000000, 0x0000000089000000| Untracked 
|  67|0x0000000089100000, 0x0000000089100000, 0x0000000089200000|  0%| F|  |TAMS 0x0000000089100000, 0x0000000089100000| Untracked 
|  68|0x0000000089200000, 0x0000000089200000, 0x0000000089300000|  0%| F|  |TAMS 0x0000000089200000, 0x0000000089200000| Untracked 
|  69|0x0000000089300000, 0x0000000089300000, 0x0000000089400000|  0%| F|  |TAMS 0x0000000089300000, 0x0000000089300000| Untracked 
|  70|0x0000000089400000, 0x0000000089500000, 0x0000000089500000|100%| S|CS|TAMS 0x0000000089400000, 0x0000000089400000| Complete 
|  71|0x0000000089500000, 0x0000000089600000, 0x0000000089600000|100%| S|CS|TAMS 0x0000000089500000, 0x0000000089500000| Complete 
|  72|0x0000000089600000, 0x0000000089700000, 0x0000000089700000|100%| S|CS|TAMS 0x0000000089600000, 0x0000000089600000| Complete 
|  73|0x0000000089700000, 0x0000000089800000, 0x0000000089800000|100%| S|CS|TAMS 0x0000000089700000, 0x0000000089700000| Complete 
|  74|0x0000000089800000, 0x0000000089900000, 0x0000000089900000|100%| S|CS|TAMS 0x0000000089800000, 0x0000000089800000| Complete 
|  75|0x0000000089900000, 0x0000000089a00000, 0x0000000089a00000|100%| S|CS|TAMS 0x0000000089900000, 0x0000000089900000| Complete 
|  76|0x0000000089a00000, 0x0000000089b00000, 0x0000000089b00000|100%| S|CS|TAMS 0x0000000089a00000, 0x0000000089a00000| Complete 
|  77|0x0000000089b00000, 0x0000000089b00000, 0x0000000089c00000|  0%| F|  |TAMS 0x0000000089b00000, 0x0000000089b00000| Untracked 
|  78|0x0000000089c00000, 0x0000000089c00000, 0x0000000089d00000|  0%| F|  |TAMS 0x0000000089c00000, 0x0000000089c00000| Untracked 
|  79|0x0000000089d00000, 0x0000000089d00000, 0x0000000089e00000|  0%| F|  |TAMS 0x0000000089d00000, 0x0000000089d00000| Untracked 
|  80|0x0000000089e00000, 0x0000000089e00000, 0x0000000089f00000|  0%| F|  |TAMS 0x0000000089e00000, 0x0000000089e00000| Untracked 
|  81|0x0000000089f00000, 0x0000000089f00000, 0x000000008a000000|  0%| F|  |TAMS 0x0000000089f00000, 0x0000000089f00000| Untracked 
|  82|0x000000008a000000, 0x000000008a000000, 0x000000008a100000|  0%| F|  |TAMS 0x000000008a000000, 0x000000008a000000| Untracked 
|  83|0x000000008a100000, 0x000000008a100000, 0x000000008a200000|  0%| F|  |TAMS 0x000000008a100000, 0x000000008a100000| Untracked 
|  84|0x000000008a200000, 0x000000008a200000, 0x000000008a300000|  0%| F|  |TAMS 0x000000008a200000, 0x000000008a200000| Untracked 
|  85|0x000000008a300000, 0x000000008a400000, 0x000000008a400000|100%| S|CS|TAMS 0x000000008a300000, 0x000000008a300000| Complete 
|  86|0x000000008a400000, 0x000000008a500000, 0x000000008a500000|100%| S|CS|TAMS 0x000000008a400000, 0x000000008a400000| Complete 
|  87|0x000000008a500000, 0x000000008a600000, 0x000000008a600000|100%| S|CS|TAMS 0x000000008a500000, 0x000000008a500000| Complete 
|  88|0x000000008a600000, 0x000000008a700000, 0x000000008a700000|100%| S|CS|TAMS 0x000000008a600000, 0x000000008a600000| Complete 
|  89|0x000000008a700000, 0x000000008a800000, 0x000000008a800000|100%| S|CS|TAMS 0x000000008a700000, 0x000000008a700000| Complete 
|  90|0x000000008a800000, 0x000000008a800000, 0x000000008a900000|  0%| F|  |TAMS 0x000000008a800000, 0x000000008a800000| Untracked 
|  91|0x000000008a900000, 0x000000008a900000, 0x000000008aa00000|  0%| F|  |TAMS 0x000000008a900000, 0x000000008a900000| Untracked 
|  92|0x000000008aa00000, 0x000000008aa00000, 0x000000008ab00000|  0%| F|  |TAMS 0x000000008aa00000, 0x000000008aa00000| Untracked 
|  93|0x000000008ab00000, 0x000000008ab00000, 0x000000008ac00000|  0%| F|  |TAMS 0x000000008ab00000, 0x000000008ab00000| Untracked 
|  94|0x000000008ac00000, 0x000000008ac00000, 0x000000008ad00000|  0%| F|  |TAMS 0x000000008ac00000, 0x000000008ac00000| Untracked 
|  95|0x000000008ad00000, 0x000000008ad00000, 0x000000008ae00000|  0%| F|  |TAMS 0x000000008ad00000, 0x000000008ad00000| Untracked 
|  96|0x000000008ae00000, 0x000000008ae00000, 0x000000008af00000|  0%| F|  |TAMS 0x000000008ae00000, 0x000000008ae00000| Untracked 
|  97|0x000000008af00000, 0x000000008af00000, 0x000000008b000000|  0%| F|  |TAMS 0x000000008af00000, 0x000000008af00000| Untracked 
|  98|0x000000008b000000, 0x000000008b000000, 0x000000008b100000|  0%| F|  |TAMS 0x000000008b000000, 0x000000008b000000| Untracked 
|  99|0x000000008b100000, 0x000000008b100000, 0x000000008b200000|  0%| F|  |TAMS 0x000000008b100000, 0x000000008b100000| Untracked 
| 100|0x000000008b200000, 0x000000008b200000, 0x000000008b300000|  0%| F|  |TAMS 0x000000008b200000, 0x000000008b200000| Untracked 
| 101|0x000000008b300000, 0x000000008b300000, 0x000000008b400000|  0%| F|  |TAMS 0x000000008b300000, 0x000000008b300000| Untracked 
| 102|0x000000008b400000, 0x000000008b400000, 0x000000008b500000|  0%| F|  |TAMS 0x000000008b400000, 0x000000008b400000| Untracked 
| 103|0x000000008b500000, 0x000000008b500000, 0x000000008b600000|  0%| F|  |TAMS 0x000000008b500000, 0x000000008b500000| Untracked 
| 104|0x000000008b600000, 0x000000008b600000, 0x000000008b700000|  0%| F|  |TAMS 0x000000008b600000, 0x000000008b600000| Untracked 
| 105|0x000000008b700000, 0x000000008b700000, 0x000000008b800000|  0%| F|  |TAMS 0x000000008b700000, 0x000000008b700000| Untracked 
| 106|0x000000008b800000, 0x000000008b800000, 0x000000008b900000|  0%| F|  |TAMS 0x000000008b800000, 0x000000008b800000| Untracked 
| 107|0x000000008b900000, 0x000000008b900000, 0x000000008ba00000|  0%| F|  |TAMS 0x000000008b900000, 0x000000008b900000| Untracked 
| 108|0x000000008ba00000, 0x000000008ba00000, 0x000000008bb00000|  0%| F|  |TAMS 0x000000008ba00000, 0x000000008ba00000| Untracked 
| 109|0x000000008bb00000, 0x000000008bb00000, 0x000000008bc00000|  0%| F|  |TAMS 0x000000008bb00000, 0x000000008bb00000| Untracked 
| 110|0x000000008bc00000, 0x000000008bc00000, 0x000000008bd00000|  0%| F|  |TAMS 0x000000008bc00000, 0x000000008bc00000| Untracked 
| 111|0x000000008bd00000, 0x000000008bd00000, 0x000000008be00000|  0%| F|  |TAMS 0x000000008bd00000, 0x000000008bd00000| Untracked 
| 112|0x000000008be00000, 0x000000008be00000, 0x000000008bf00000|  0%| F|  |TAMS 0x000000008be00000, 0x000000008be00000| Untracked 
| 113|0x000000008bf00000, 0x000000008bf00000, 0x000000008c000000|  0%| F|  |TAMS 0x000000008bf00000, 0x000000008bf00000| Untracked 
| 114|0x000000008c000000, 0x000000008c000000, 0x000000008c100000|  0%| F|  |TAMS 0x000000008c000000, 0x000000008c000000| Untracked 
| 115|0x000000008c100000, 0x000000008c100000, 0x000000008c200000|  0%| F|  |TAMS 0x000000008c100000, 0x000000008c100000| Untracked 
| 116|0x000000008c200000, 0x000000008c200000, 0x000000008c300000|  0%| F|  |TAMS 0x000000008c200000, 0x000000008c200000| Untracked 
| 117|0x000000008c300000, 0x000000008c300000, 0x000000008c400000|  0%| F|  |TAMS 0x000000008c300000, 0x000000008c300000| Untracked 
| 118|0x000000008c400000, 0x000000008c400000, 0x000000008c500000|  0%| F|  |TAMS 0x000000008c400000, 0x000000008c400000| Untracked 
| 119|0x000000008c500000, 0x000000008c500000, 0x000000008c600000|  0%| F|  |TAMS 0x000000008c500000, 0x000000008c500000| Untracked 
| 120|0x000000008c600000, 0x000000008c600000, 0x000000008c700000|  0%| F|  |TAMS 0x000000008c600000, 0x000000008c600000| Untracked 
| 121|0x000000008c700000, 0x000000008c700000, 0x000000008c800000|  0%| F|  |TAMS 0x000000008c700000, 0x000000008c700000| Untracked 
| 122|0x000000008c800000, 0x000000008c800000, 0x000000008c900000|  0%| F|  |TAMS 0x000000008c800000, 0x000000008c800000| Untracked 
| 123|0x000000008c900000, 0x000000008c900000, 0x000000008ca00000|  0%| F|  |TAMS 0x000000008c900000, 0x000000008c900000| Untracked 
| 124|0x000000008ca00000, 0x000000008ca00000, 0x000000008cb00000|  0%| F|  |TAMS 0x000000008ca00000, 0x000000008ca00000| Untracked 
| 125|0x000000008cb00000, 0x000000008cb00000, 0x000000008cc00000|  0%| F|  |TAMS 0x000000008cb00000, 0x000000008cb00000| Untracked 
| 126|0x000000008cc00000, 0x000000008cc00000, 0x000000008cd00000|  0%| F|  |TAMS 0x000000008cc00000, 0x000000008cc00000| Untracked 
| 127|0x000000008cd00000, 0x000000008cd00000, 0x000000008ce00000|  0%| F|  |TAMS 0x000000008cd00000, 0x000000008cd00000| Untracked 
| 128|0x000000008ce00000, 0x000000008ce00000, 0x000000008cf00000|  0%| F|  |TAMS 0x000000008ce00000, 0x000000008ce00000| Untracked 
| 129|0x000000008cf00000, 0x000000008cf00000, 0x000000008d000000|  0%| F|  |TAMS 0x000000008cf00000, 0x000000008cf00000| Untracked 
| 130|0x000000008d000000, 0x000000008d000000, 0x000000008d100000|  0%| F|  |TAMS 0x000000008d000000, 0x000000008d000000| Untracked 
| 131|0x000000008d100000, 0x000000008d100000, 0x000000008d200000|  0%| F|  |TAMS 0x000000008d100000, 0x000000008d100000| Untracked 
| 132|0x000000008d200000, 0x000000008d200000, 0x000000008d300000|  0%| F|  |TAMS 0x000000008d200000, 0x000000008d200000| Untracked 
| 133|0x000000008d300000, 0x000000008d300000, 0x000000008d400000|  0%| F|  |TAMS 0x000000008d300000, 0x000000008d300000| Untracked 
| 134|0x000000008d400000, 0x000000008d400000, 0x000000008d500000|  0%| F|  |TAMS 0x000000008d400000, 0x000000008d400000| Untracked 
| 135|0x000000008d500000, 0x000000008d500000, 0x000000008d600000|  0%| F|  |TAMS 0x000000008d500000, 0x000000008d500000| Untracked 
| 136|0x000000008d600000, 0x000000008d600000, 0x000000008d700000|  0%| F|  |TAMS 0x000000008d600000, 0x000000008d600000| Untracked 
| 137|0x000000008d700000, 0x000000008d700000, 0x000000008d800000|  0%| F|  |TAMS 0x000000008d700000, 0x000000008d700000| Untracked 
| 138|0x000000008d800000, 0x000000008d800000, 0x000000008d900000|  0%| F|  |TAMS 0x000000008d800000, 0x000000008d800000| Untracked 
| 139|0x000000008d900000, 0x000000008d900000, 0x000000008da00000|  0%| F|  |TAMS 0x000000008d900000, 0x000000008d900000| Untracked 
| 140|0x000000008da00000, 0x000000008da00000, 0x000000008db00000|  0%| F|  |TAMS 0x000000008da00000, 0x000000008da00000| Untracked 
| 141|0x000000008db00000, 0x000000008db00000, 0x000000008dc00000|  0%| F|  |TAMS 0x000000008db00000, 0x000000008db00000| Untracked 
| 142|0x000000008dc00000, 0x000000008dc00000, 0x000000008dd00000|  0%| F|  |TAMS 0x000000008dc00000, 0x000000008dc00000| Untracked 
| 143|0x000000008dd00000, 0x000000008dd00000, 0x000000008de00000|  0%| F|  |TAMS 0x000000008dd00000, 0x000000008dd00000| Untracked 
| 144|0x000000008de00000, 0x000000008de00000, 0x000000008df00000|  0%| F|  |TAMS 0x000000008de00000, 0x000000008de00000| Untracked 
| 145|0x000000008df00000, 0x000000008df00000, 0x000000008e000000|  0%| F|  |TAMS 0x000000008df00000, 0x000000008df00000| Untracked 
| 146|0x000000008e000000, 0x000000008e000000, 0x000000008e100000|  0%| F|  |TAMS 0x000000008e000000, 0x000000008e000000| Untracked 
| 147|0x000000008e100000, 0x000000008e100000, 0x000000008e200000|  0%| F|  |TAMS 0x000000008e100000, 0x000000008e100000| Untracked 
| 148|0x000000008e200000, 0x000000008e200000, 0x000000008e300000|  0%| F|  |TAMS 0x000000008e200000, 0x000000008e200000| Untracked 
| 149|0x000000008e300000, 0x000000008e300000, 0x000000008e400000|  0%| F|  |TAMS 0x000000008e300000, 0x000000008e300000| Untracked 
| 150|0x000000008e400000, 0x000000008e400000, 0x000000008e500000|  0%| F|  |TAMS 0x000000008e400000, 0x000000008e400000| Untracked 
| 151|0x000000008e500000, 0x000000008e500000, 0x000000008e600000|  0%| F|  |TAMS 0x000000008e500000, 0x000000008e500000| Untracked 
| 152|0x000000008e600000, 0x000000008e600000, 0x000000008e700000|  0%| F|  |TAMS 0x000000008e600000, 0x000000008e600000| Untracked 
| 153|0x000000008e700000, 0x000000008e700000, 0x000000008e800000|  0%| F|  |TAMS 0x000000008e700000, 0x000000008e700000| Untracked 
| 154|0x000000008e800000, 0x000000008e800000, 0x000000008e900000|  0%| F|  |TAMS 0x000000008e800000, 0x000000008e800000| Untracked 
| 155|0x000000008e900000, 0x000000008e900000, 0x000000008ea00000|  0%| F|  |TAMS 0x000000008e900000, 0x000000008e900000| Untracked 
| 156|0x000000008ea00000, 0x000000008ea00000, 0x000000008eb00000|  0%| F|  |TAMS 0x000000008ea00000, 0x000000008ea00000| Untracked 
| 157|0x000000008eb00000, 0x000000008eb00000, 0x000000008ec00000|  0%| F|  |TAMS 0x000000008eb00000, 0x000000008eb00000| Untracked 
| 158|0x000000008ec00000, 0x000000008ec00000, 0x000000008ed00000|  0%| F|  |TAMS 0x000000008ec00000, 0x000000008ec00000| Untracked 
| 159|0x000000008ed00000, 0x000000008ed00000, 0x000000008ee00000|  0%| F|  |TAMS 0x000000008ed00000, 0x000000008ed00000| Untracked 
| 160|0x000000008ee00000, 0x000000008ee00000, 0x000000008ef00000|  0%| F|  |TAMS 0x000000008ee00000, 0x000000008ee00000| Untracked 
| 161|0x000000008ef00000, 0x000000008ef00000, 0x000000008f000000|  0%| F|  |TAMS 0x000000008ef00000, 0x000000008ef00000| Untracked 
| 162|0x000000008f000000, 0x000000008f000000, 0x000000008f100000|  0%| F|  |TAMS 0x000000008f000000, 0x000000008f000000| Untracked 
| 163|0x000000008f100000, 0x000000008f100000, 0x000000008f200000|  0%| F|  |TAMS 0x000000008f100000, 0x000000008f100000| Untracked 
| 164|0x000000008f200000, 0x000000008f200000, 0x000000008f300000|  0%| F|  |TAMS 0x000000008f200000, 0x000000008f200000| Untracked 
| 165|0x000000008f300000, 0x000000008f300000, 0x000000008f400000|  0%| F|  |TAMS 0x000000008f300000, 0x000000008f300000| Untracked 
| 166|0x000000008f400000, 0x000000008f400000, 0x000000008f500000|  0%| F|  |TAMS 0x000000008f400000, 0x000000008f400000| Untracked 
| 167|0x000000008f500000, 0x000000008f500000, 0x000000008f600000|  0%| F|  |TAMS 0x000000008f500000, 0x000000008f500000| Untracked 
| 168|0x000000008f600000, 0x000000008f600000, 0x000000008f700000|  0%| F|  |TAMS 0x000000008f600000, 0x000000008f600000| Untracked 
| 169|0x000000008f700000, 0x000000008f700000, 0x000000008f800000|  0%| F|  |TAMS 0x000000008f700000, 0x000000008f700000| Untracked 
| 170|0x000000008f800000, 0x000000008f800000, 0x000000008f900000|  0%| F|  |TAMS 0x000000008f800000, 0x000000008f800000| Untracked 
| 171|0x000000008f900000, 0x000000008f900000, 0x000000008fa00000|  0%| F|  |TAMS 0x000000008f900000, 0x000000008f900000| Untracked 
| 172|0x000000008fa00000, 0x000000008fa00000, 0x000000008fb00000|  0%| F|  |TAMS 0x000000008fa00000, 0x000000008fa00000| Untracked 
| 173|0x000000008fb00000, 0x000000008fb00000, 0x000000008fc00000|  0%| F|  |TAMS 0x000000008fb00000, 0x000000008fb00000| Untracked 
| 174|0x000000008fc00000, 0x000000008fc00000, 0x000000008fd00000|  0%| F|  |TAMS 0x000000008fc00000, 0x000000008fc00000| Untracked 
| 175|0x000000008fd00000, 0x000000008fd00000, 0x000000008fe00000|  0%| F|  |TAMS 0x000000008fd00000, 0x000000008fd00000| Untracked 
| 176|0x000000008fe00000, 0x000000008fe00000, 0x000000008ff00000|  0%| F|  |TAMS 0x000000008fe00000, 0x000000008fe00000| Untracked 

Card table byte_map: [0x000002a8efa20000,0x000002a8efe00000] _byte_map_base: 0x000002a8ef5f9000

Marking Bits (Prev, Next): (CMBitMap*) 0x000002a8d6695d10, (CMBitMap*) 0x000002a8d6695d50
 Prev Bits: [0x000002a8f01e0000, 0x000002a8f20a8000)
 Next Bits: [0x000002a8f20b0000, 0x000002a8f3f78000)

Polling page: 0x000002a8d6390000

Metaspace:

Usage:
  Non-class:     16.47 MB used.
      Class:      2.05 MB used.
       Both:     18.52 MB used.

Virtual space:
  Non-class space:       64.00 MB reserved,      16.69 MB ( 26%) committed,  1 nodes.
      Class space:        1.00 GB reserved,       2.19 MB ( <1%) committed,  1 nodes.
             Both:        1.06 GB reserved,      18.88 MB (  2%) committed. 

Chunk freelists:
   Non-Class:  14.61 MB
       Class:  13.69 MB
        Both:  28.30 MB

MaxMetaspaceSize: unlimited
CompressedClassSpaceSize: 1.00 GB
Initial GC threshold: 21.00 MB
Current GC threshold: 21.00 MB
CDS: on
MetaspaceReclaimPolicy: balanced
 - commit_granule_bytes: 65536.
 - commit_granule_words: 8192.
 - virtual_space_node_default_size: 8388608.
 - enlarge_chunks_in_place: 1.
 - new_chunks_are_fully_committed: 0.
 - uncommit_free_chunks: 1.
 - use_allocation_guard: 0.
 - handle_deallocations: 1.


Internal statistics:

num_allocs_failed_limit: 0.
num_arena_births: 298.
num_arena_deaths: 0.
num_vsnodes_births: 2.
num_vsnodes_deaths: 0.
num_space_committed: 302.
num_space_uncommitted: 0.
num_chunks_returned_to_freelist: 0.
num_chunks_taken_from_freelist: 875.
num_chunk_merges: 0.
num_chunk_splits: 545.
num_chunks_enlarged: 345.
num_inconsistent_stats: 0.

CodeHeap 'non-profiled nmethods': size=120000Kb used=2453Kb max_used=2453Kb free=117546Kb
 bounds [0x000002a8e7470000, 0x000002a8e76e0000, 0x000002a8ee9a0000]
CodeHeap 'profiled nmethods': size=120000Kb used=10515Kb max_used=10515Kb free=109484Kb
 bounds [0x000002a8df9a0000, 0x000002a8e03f0000, 0x000002a8e6ed0000]
CodeHeap 'non-nmethods': size=5760Kb used=1273Kb max_used=1276Kb free=4486Kb
 bounds [0x000002a8e6ed0000, 0x000002a8e7140000, 0x000002a8e7470000]
 total_blobs=5767 nmethods=5241 adapters=435
 compilation: enabled
              stopped_count=0, restarted_count=0
 full_count=0

Compilation events (20 events):
Event: 3.135 Thread 0x000002a8f6511280 nmethod 5307 0x000002a8e03dc510 code [0x000002a8e03dc720, 0x000002a8e03dce58]
Event: 3.135 Thread 0x000002a8f6511280 5303       3       org.apache.maven.model.interpolation.StringVisitorModelInterpolator$ModelVisitor::visit (107 bytes)
Event: 3.136 Thread 0x000002a8f6511280 nmethod 5303 0x000002a8e03dd090 code [0x000002a8e03dd2c0, 0x000002a8e03ddef8]
Event: 3.136 Thread 0x000002a8f6511280 5301       3       java.io.FileInputStream::available (5 bytes)
Event: 3.136 Thread 0x000002a8f6511280 nmethod 5301 0x000002a8e03de310 code [0x000002a8e03de4a0, 0x000002a8e03de5e8]
Event: 3.136 Thread 0x000002a8f6511280 5306       3       java.io.File::<init> (111 bytes)
Event: 3.137 Thread 0x000002a8f6511280 nmethod 5306 0x000002a8e03de690 code [0x000002a8e03de940, 0x000002a8e03df388]
Event: 3.137 Thread 0x000002a8f6511280 5295       2       org.apache.maven.repository.internal.DefaultModelResolver::removeMatchingRepository (47 bytes)
Event: 3.137 Thread 0x000002a8f6511280 nmethod 5295 0x000002a8e03df710 code [0x000002a8e03df8e0, 0x000002a8e03dfb48]
Event: 3.137 Thread 0x000002a8f6511280 5296   !   2       org.eclipse.aether.internal.impl.synccontext.named.NamedLockFactoryAdapter$AdaptedLockSyncContext::acquire (540 bytes)
Event: 3.140 Thread 0x000002a8f6511280 nmethod 5296 0x000002a8e03dfd10 code [0x000002a8e03e0220, 0x000002a8e03e1f98]
Event: 3.140 Thread 0x000002a8f6511280 5310       3       java.util.regex.CharPredicates$$Lambda$16/0x800000024::is (5 bytes)
Event: 3.141 Thread 0x000002a8f6511280 nmethod 5310 0x000002a8e03e3890 code [0x000002a8e03e3a40, 0x000002a8e03e3d18]
Event: 3.141 Thread 0x000002a8f6511280 5304       2       org.codehaus.plexus.interpolation.reflection.ClassMap::getPublicMethod (29 bytes)
Event: 3.141 Thread 0x000002a8f6511280 nmethod 5304 0x000002a8e03e3e10 code [0x000002a8e03e3fc0, 0x000002a8e03e4198]
Event: 3.141 Thread 0x000002a8f6511280 5305       2       org.codehaus.plexus.interpolation.reflection.MethodMap::add (44 bytes)
Event: 3.141 Thread 0x000002a8f6511280 nmethod 5305 0x000002a8e03e4310 code [0x000002a8e03e44e0, 0x000002a8e03e47c8]
Event: 3.141 Thread 0x000002a8f6511280 5283       2       org.apache.logging.log4j.core.impl.Log4jContextFactory::getContext (10 bytes)
Event: 3.142 Thread 0x000002a8f6511280 nmethod 5283 0x000002a8e03e4910 code [0x000002a8e03e4aa0, 0x000002a8e03e4bc8]
Event: 3.142 Thread 0x000002a8f6511280 5297       2       java.lang.String::codePointCount (46 bytes)

GC Heap History (17 events):
Event: 0.307 GC heap before
{Heap before GC invocations=0 (full 0):
 garbage-first heap   total 126976K, used 23552K [0x0000000084e00000, 0x0000000100000000)
  region size 1024K, 23 young (23552K), 0 survivors (0K)
 Metaspace       used 2642K, committed 2816K, reserved 1114112K
  class space    used 272K, committed 384K, reserved 1048576K
}
Event: 0.310 GC heap after
{Heap after GC invocations=1 (full 0):
 garbage-first heap   total 126976K, used 2528K [0x0000000084e00000, 0x0000000100000000)
  region size 1024K, 3 young (3072K), 3 survivors (3072K)
 Metaspace       used 2642K, committed 2816K, reserved 1114112K
  class space    used 272K, committed 384K, reserved 1048576K
}
Event: 0.846 GC heap before
{Heap before GC invocations=1 (full 0):
 garbage-first heap   total 126976K, used 39392K [0x0000000084e00000, 0x0000000100000000)
  region size 1024K, 38 young (38912K), 3 survivors (3072K)
 Metaspace       used 13478K, committed 13760K, reserved 1114112K
  class space    used 1609K, committed 1728K, reserved 1048576K
}
Event: 0.855 GC heap after
{Heap after GC invocations=2 (full 0):
 garbage-first heap   total 126976K, used 8908K [0x0000000084e00000, 0x0000000100000000)
  region size 1024K, 5 young (5120K), 5 survivors (5120K)
 Metaspace       used 13478K, committed 13760K, reserved 1114112K
  class space    used 1609K, committed 1728K, reserved 1048576K
}
Event: 1.168 GC heap before
{Heap before GC invocations=2 (full 0):
 garbage-first heap   total 126976K, used 58060K [0x0000000084e00000, 0x0000000100000000)
  region size 1024K, 54 young (55296K), 5 survivors (5120K)
 Metaspace       used 16546K, committed 16832K, reserved 1114112K
  class space    used 1958K, committed 2112K, reserved 1048576K
}
Event: 1.182 GC heap after
{Heap after GC invocations=3 (full 0):
 garbage-first heap   total 126976K, used 14517K [0x0000000084e00000, 0x0000000100000000)
  region size 1024K, 7 young (7168K), 7 survivors (7168K)
 Metaspace       used 16546K, committed 16832K, reserved 1114112K
  class space    used 1958K, committed 2112K, reserved 1048576K
}
Event: 1.327 GC heap before
{Heap before GC invocations=3 (full 0):
 garbage-first heap   total 126976K, used 83125K [0x0000000084e00000, 0x0000000100000000)
  region size 1024K, 74 young (75776K), 7 survivors (7168K)
 Metaspace       used 16812K, committed 17088K, reserved 1114112K
  class space    used 1964K, committed 2112K, reserved 1048576K
}
Event: 1.344 GC heap after
{Heap after GC invocations=4 (full 0):
 garbage-first heap   total 126976K, used 24147K [0x0000000084e00000, 0x0000000100000000)
  region size 1024K, 10 young (10240K), 10 survivors (10240K)
 Metaspace       used 16812K, committed 17088K, reserved 1114112K
  class space    used 1964K, committed 2112K, reserved 1048576K
}
Event: 1.480 GC heap before
{Heap before GC invocations=4 (full 0):
 garbage-first heap   total 126976K, used 85587K [0x0000000084e00000, 0x0000000100000000)
  region size 1024K, 71 young (72704K), 10 survivors (10240K)
 Metaspace       used 17079K, committed 17408K, reserved 1114112K
  class space    used 1967K, committed 2112K, reserved 1048576K
}
Event: 1.498 GC heap after
{Heap after GC invocations=5 (full 0):
 garbage-first heap   total 181248K, used 32256K [0x0000000084e00000, 0x0000000100000000)
  region size 1024K, 8 young (8192K), 8 survivors (8192K)
 Metaspace       used 17079K, committed 17408K, reserved 1114112K
  class space    used 1967K, committed 2112K, reserved 1048576K
}
Event: 1.711 GC heap before
{Heap before GC invocations=5 (full 0):
 garbage-first heap   total 181248K, used 123392K [0x0000000084e00000, 0x0000000100000000)
  region size 1024K, 97 young (99328K), 8 survivors (8192K)
 Metaspace       used 17354K, committed 17664K, reserved 1114112K
  class space    used 1975K, committed 2112K, reserved 1048576K
}
Event: 1.723 GC heap after
{Heap after GC invocations=6 (full 0):
 garbage-first heap   total 181248K, used 41184K [0x0000000084e00000, 0x0000000100000000)
  region size 1024K, 9 young (9216K), 9 survivors (9216K)
 Metaspace       used 17354K, committed 17664K, reserved 1114112K
  class space    used 1975K, committed 2112K, reserved 1048576K
}
Event: 2.335 GC heap before
{Heap before GC invocations=6 (full 0):
 garbage-first heap   total 181248K, used 134368K [0x0000000084e00000, 0x0000000100000000)
  region size 1024K, 94 young (96256K), 9 survivors (9216K)
 Metaspace       used 18247K, committed 18624K, reserved 1114112K
  class space    used 2048K, committed 2240K, reserved 1048576K
}
Event: 2.345 GC heap after
{Heap after GC invocations=7 (full 0):
 garbage-first heap   total 181248K, used 44032K [0x0000000084e00000, 0x0000000100000000)
  region size 1024K, 3 young (3072K), 3 survivors (3072K)
 Metaspace       used 18247K, committed 18624K, reserved 1114112K
  class space    used 2048K, committed 2240K, reserved 1048576K
}
Event: 2.818 GC heap before
{Heap before GC invocations=7 (full 0):
 garbage-first heap   total 181248K, used 137216K [0x0000000084e00000, 0x0000000100000000)
  region size 1024K, 92 young (94208K), 3 survivors (3072K)
 Metaspace       used 18434K, committed 18816K, reserved 1114112K
  class space    used 2053K, committed 2240K, reserved 1048576K
}
Event: 2.828 GC heap after
{Heap after GC invocations=8 (full 0):
 garbage-first heap   total 181248K, used 48317K [0x0000000084e00000, 0x0000000100000000)
  region size 1024K, 8 young (8192K), 8 survivors (8192K)
 Metaspace       used 18434K, committed 18816K, reserved 1114112K
  class space    used 2053K, committed 2240K, reserved 1048576K
}
Event: 3.142 GC heap before
{Heap before GC invocations=8 (full 0):
 garbage-first heap   total 181248K, used 142525K [0x0000000084e00000, 0x0000000100000000)
  region size 1024K, 95 young (97280K), 8 survivors (8192K)
 Metaspace       used 18962K, committed 19328K, reserved 1114112K
  class space    used 2094K, committed 2240K, reserved 1048576K
}

Dll operation events (9 events):
Event: 0.008 Loaded shared library C:\Users\Mr T\Downloads\AnypointStudio\plugins\org.mule.tooling.jdk.win32.x86_64_1.4.1\bin\java.dll
Event: 0.030 Loaded shared library C:\Users\Mr T\Downloads\AnypointStudio\plugins\org.mule.tooling.jdk.win32.x86_64_1.4.1\bin\jsvml.dll
Event: 0.066 Loaded shared library C:\Users\Mr T\Downloads\AnypointStudio\plugins\org.mule.tooling.jdk.win32.x86_64_1.4.1\bin\net.dll
Event: 0.067 Loaded shared library C:\Users\Mr T\Downloads\AnypointStudio\plugins\org.mule.tooling.jdk.win32.x86_64_1.4.1\bin\nio.dll
Event: 0.072 Loaded shared library C:\Users\Mr T\Downloads\AnypointStudio\plugins\org.mule.tooling.jdk.win32.x86_64_1.4.1\bin\zip.dll
Event: 0.263 Loaded shared library C:\Users\Mr T\Downloads\AnypointStudio\plugins\org.mule.tooling.jdk.win32.x86_64_1.4.1\bin\jimage.dll
Event: 0.455 Loaded shared library C:\Users\Mr T\Downloads\AnypointStudio\plugins\org.mule.tooling.jdk.win32.x86_64_1.4.1\bin\management.dll
Event: 0.456 Loaded shared library C:\Users\Mr T\Downloads\AnypointStudio\plugins\org.mule.tooling.jdk.win32.x86_64_1.4.1\bin\management_ext.dll
Event: 0.698 Loaded shared library C:\Users\Mr T\Downloads\AnypointStudio\plugins\org.mule.tooling.jdk.win32.x86_64_1.4.1\bin\verify.dll

Deoptimization events (20 events):
Event: 3.016 Thread 0x000002a8d6636120 DEOPT PACKING pc=0x000002a8dfb0053d sp=0x000000e39befce80
Event: 3.016 Thread 0x000002a8d6636120 DEOPT UNPACKING pc=0x000002a8e6f27143 sp=0x000000e39befc308 mode 0
Event: 3.019 Thread 0x000002a8d6636120 DEOPT PACKING pc=0x000002a8e02bd2fa sp=0x000000e39befcec0
Event: 3.019 Thread 0x000002a8d6636120 DEOPT UNPACKING pc=0x000002a8e6f27143 sp=0x000000e39befc440 mode 0
Event: 3.027 Thread 0x000002a8d6636120 DEOPT PACKING pc=0x000002a8e038d234 sp=0x000000e39befce00
Event: 3.027 Thread 0x000002a8d6636120 DEOPT UNPACKING pc=0x000002a8e6f27143 sp=0x000000e39befc380 mode 0
Event: 3.029 Thread 0x000002a8d6636120 DEOPT PACKING pc=0x000002a8dfb0053d sp=0x000000e39befcf40
Event: 3.029 Thread 0x000002a8d6636120 DEOPT UNPACKING pc=0x000002a8e6f27143 sp=0x000000e39befc3c8 mode 0
Event: 3.029 Thread 0x000002a8d6636120 DEOPT PACKING pc=0x000002a8e02bd2fa sp=0x000000e39befcf80
Event: 3.029 Thread 0x000002a8d6636120 DEOPT UNPACKING pc=0x000002a8e6f27143 sp=0x000000e39befc500 mode 0
Event: 3.048 Thread 0x000002a8fc0bf610 DEOPT PACKING pc=0x000002a8dfb497b1 sp=0x000000e39dfff150
Event: 3.048 Thread 0x000002a8fc0bf610 DEOPT UNPACKING pc=0x000002a8e6f27143 sp=0x000000e39dffe5a8 mode 3
Event: 3.119 Thread 0x000002a8fc0bf100 DEOPT PACKING pc=0x000002a8dffa77e9 sp=0x000000e39e1fe620
Event: 3.119 Thread 0x000002a8fc0bf100 DEOPT UNPACKING pc=0x000002a8e6f27143 sp=0x000000e39e1fdb40 mode 0
Event: 3.134 Thread 0x000002a8fc0bf100 DEOPT PACKING pc=0x000002a8e038d234 sp=0x000000e39e1fdcb0
Event: 3.134 Thread 0x000002a8fc0bf100 DEOPT UNPACKING pc=0x000002a8e6f27143 sp=0x000000e39e1fd230 mode 0
Event: 3.138 Thread 0x000002a8fc0c0a50 Uncommon trap: trap_request=0xffffffde fr.pc=0x000002a8e7625e5c relative=0x000000000000013c
Event: 3.138 Thread 0x000002a8fc0c0a50 Uncommon trap: reason=class_check action=maybe_recompile pc=0x000002a8e7625e5c method=java.util.Collections$SetFromMap.contains(Ljava/lang/Object;)Z @ 5 c2
Event: 3.138 Thread 0x000002a8fc0c0a50 DEOPT PACKING pc=0x000002a8e7625e5c sp=0x000000e39e2fd5b0
Event: 3.138 Thread 0x000002a8fc0c0a50 DEOPT UNPACKING pc=0x000002a8e6f269a3 sp=0x000000e39e2fd558 mode 2

Classes loaded (20 events):
Event: 3.034 Loading class java/net/URLClassLoader$3
Event: 3.035 Loading class java/net/URLClassLoader$3 done
Event: 3.035 Loading class jdk/internal/loader/Loader$3
Event: 3.035 Loading class jdk/internal/loader/Loader$3 done
Event: 3.036 Loading class java/net/URLClassLoader$3$1
Event: 3.036 Loading class java/net/URLClassLoader$3$1 done
Event: 3.036 Loading class jdk/internal/loader/URLClassPath$FileLoader
Event: 3.037 Loading class jdk/internal/loader/URLClassPath$FileLoader done
Event: 3.044 Loading class java/net/SocketTimeoutException
Event: 3.044 Loading class java/io/InterruptedIOException
Event: 3.044 Loading class java/io/InterruptedIOException done
Event: 3.044 Loading class java/net/SocketTimeoutException done
Event: 3.044 Loading class java/util/concurrent/Executors$FinalizableDelegatedExecutorService
Event: 3.045 Loading class java/util/concurrent/Executors$DelegatedExecutorService
Event: 3.045 Loading class java/util/concurrent/Executors$DelegatedExecutorService done
Event: 3.045 Loading class java/util/concurrent/Executors$FinalizableDelegatedExecutorService done
Event: 3.047 Loading class java/util/concurrent/locks/AbstractQueuedSynchronizer$SharedNode
Event: 3.047 Loading class java/util/concurrent/locks/AbstractQueuedSynchronizer$SharedNode done
Event: 3.048 Loading class java/util/concurrent/TimeUnit$1
Event: 3.049 Loading class java/util/concurrent/TimeUnit$1 done

Classes unloaded (0 events):
No events

Classes redefined (0 events):
No events

Internal exceptions (20 events):
Event: 1.088 Thread 0x000002a8fbf15750 Exception <a 'java/lang/NoSuchMethodError'{0x000000008b710bc0}: 'java.lang.Object java.lang.invoke.DirectMethodHandle$Holder.newInvokeSpecial(java.lang.Object, java.lang.Object, java.lang.Object, java.lang.Object, java.lang.Object, java.lang.Object, java.lang.Object)'> (0x000000008b710bc0) 
thrown [s\src\hotspot\share\interpreter\linkResolver.cpp, line 759]
Event: 1.089 Thread 0x000002a8fc8503f0 Exception <a 'java/lang/NoSuchMethodError'{0x000000008b790978}: 'java.lang.Object java.lang.invoke.Invokers$Holder.linkToTargetMethod(java.lang.Object, java.lang.Object, java.lang.Object, java.lang.Object, java.lang.Object, java.lang.Object, java.lang.Object)'> (0x000000008b790978) 
thrown [s\src\hotspot\share\interpreter\linkResolver.cpp, line 759]
Event: 1.089 Thread 0x000002a8fc84ff10 Exception <a 'java/lang/NoSuchMethodError'{0x000000008b8926d0}: 'java.lang.Object java.lang.invoke.Invokers$Holder.linkToTargetMethod(java.lang.Object, java.lang.Object, java.lang.Object, java.lang.Object, java.lang.Object, java.lang.Object, java.lang.Object)'> (0x000000008b8926d0) 
thrown [s\src\hotspot\share\interpreter\linkResolver.cpp, line 759]
Event: 1.089 Thread 0x000002a8fbf15750 Exception <a 'java/lang/NoSuchMethodError'{0x000000008b714da8}: 'java.lang.Object java.lang.invoke.Invokers$Holder.linkToTargetMethod(java.lang.Object, java.lang.Object, java.lang.Object, java.lang.Object, java.lang.Object, java.lang.Object, java.lang.Object)'> (0x000000008b714da8) 
thrown [s\src\hotspot\share\interpreter\linkResolver.cpp, line 759]
Event: 1.089 Thread 0x000002a8fc0c0030 Exception <a 'java/lang/NoSuchMethodError'{0x000000008b68a590}: 'java.lang.Object java.lang.invoke.Invokers$Holder.linkToTargetMethod(java.lang.Object, java.lang.Object, java.lang.Object, java.lang.Object, java.lang.Object, java.lang.Object, java.lang.Object)'> (0x000000008b68a590) 
thrown [s\src\hotspot\share\interpreter\linkResolver.cpp, line 759]
Event: 1.089 Thread 0x000002a8fc0c0540 Exception <a 'java/lang/NoSuchMethodError'{0x000000008b612898}: 'java.lang.Object java.lang.invoke.Invokers$Holder.linkToTargetMethod(java.lang.Object, java.lang.Object, java.lang.Object, java.lang.Object, java.lang.Object, java.lang.Object, java.lang.Object)'> (0x000000008b612898) 
thrown [s\src\hotspot\share\interpreter\linkResolver.cpp, line 759]
Event: 1.951 Thread 0x000002a8d6636120 Exception <a 'java/lang/NoSuchMethodError'{0x000000008ec7ebf0}: 'void java.lang.invoke.DirectMethodHandle$Holder.invokeInterface(java.lang.Object, java.lang.Object, java.lang.Object)'> (0x000000008ec7ebf0) 
thrown [s\src\hotspot\share\interpreter\linkResolver.cpp, line 759]
Event: 1.970 Thread 0x000002a8d6636120 Exception <a 'java/lang/NoSuchMethodError'{0x000000008eb7acd0}: 'java.lang.Object java.lang.invoke.DirectMethodHandle$Holder.invokeStaticInit(java.lang.Object, java.lang.Object, java.lang.Object, java.lang.Object)'> (0x000000008eb7acd0) 
thrown [s\src\hotspot\share\interpreter\linkResolver.cpp, line 759]
Event: 2.303 Thread 0x000002a8d6636120 Exception <a 'java/lang/IncompatibleClassChangeError'{0x000000008b70c020}: Found class java.lang.Object, but interface was expected> (0x000000008b70c020) 
thrown [s\src\hotspot\share\interpreter\linkResolver.cpp, line 826]
Event: 2.976 Thread 0x000002a8d6636120 Exception <a 'java/net/SocketException'{0x000000008dc9c9e0}: Socket is not connected: shutdown> (0x000000008dc9c9e0) 
thrown [s\src\hotspot\share\prims\jni.cpp, line 535]
Event: 3.041 Thread 0x000002a8d6636120 Exception <a 'java/lang/ArrayIndexOutOfBoundsException'{0x000000008d48e5c0}: Index 1 out of bounds for length 1> (0x000000008d48e5c0) 
thrown [s\src\hotspot\share\interpreter\interpreterRuntime.cpp, line 428]
Event: 3.041 Thread 0x000002a8d6636120 Exception <a 'java/lang/ArrayIndexOutOfBoundsException'{0x000000008d48e8e0}: Index 2 out of bounds for length 1> (0x000000008d48e8e0) 
thrown [s\src\hotspot\share\interpreter\interpreterRuntime.cpp, line 428]
Event: 3.041 Thread 0x000002a8d6636120 Exception <a 'java/lang/ArrayIndexOutOfBoundsException'{0x000000008d48ec10}: Index 1 out of bounds for length 1> (0x000000008d48ec10) 
thrown [s\src\hotspot\share\interpreter\interpreterRuntime.cpp, line 428]
Event: 3.041 Thread 0x000002a8d6636120 Exception <a 'java/lang/ArrayIndexOutOfBoundsException'{0x000000008d48f1a0}: Index 1 out of bounds for length 1> (0x000000008d48f1a0) 
thrown [s\src\hotspot\share\interpreter\interpreterRuntime.cpp, line 428]
Event: 3.041 Thread 0x000002a8d6636120 Exception <a 'java/lang/ArrayIndexOutOfBoundsException'{0x000000008d492f00}: Index 1 out of bounds for length 1> (0x000000008d492f00) 
thrown [s\src\hotspot\share\interpreter\interpreterRuntime.cpp, line 428]
Event: 3.041 Thread 0x000002a8d6636120 Exception <a 'java/lang/ArrayIndexOutOfBoundsException'{0x000000008d493220}: Index 2 out of bounds for length 1> (0x000000008d493220) 
thrown [s\src\hotspot\share\interpreter\interpreterRuntime.cpp, line 428]
Event: 3.041 Thread 0x000002a8d6636120 Exception <a 'java/lang/ArrayIndexOutOfBoundsException'{0x000000008d493550}: Index 1 out of bounds for length 1> (0x000000008d493550) 
thrown [s\src\hotspot\share\interpreter\interpreterRuntime.cpp, line 428]
Event: 3.041 Thread 0x000002a8d6636120 Exception <a 'java/lang/ArrayIndexOutOfBoundsException'{0x000000008d493ae0}: Index 1 out of bounds for length 1> (0x000000008d493ae0) 
thrown [s\src\hotspot\share\interpreter\interpreterRuntime.cpp, line 428]
Event: 3.041 Thread 0x000002a8d6636120 Exception <a 'java/lang/ArrayIndexOutOfBoundsException'{0x000000008d493ff0}: Index 1 out of bounds for length 1> (0x000000008d493ff0) 
thrown [s\src\hotspot\share\interpreter\interpreterRuntime.cpp, line 428]
Event: 3.041 Thread 0x000002a8d6636120 Exception <a 'java/lang/ArrayIndexOutOfBoundsException'{0x000000008d494580}: Index 1 out of bounds for length 1> (0x000000008d494580) 
thrown [s\src\hotspot\share\interpreter\interpreterRuntime.cpp, line 428]

VM Operations (20 events):
Event: 1.723 Executing VM operation: G1CollectForAllocation done
Event: 1.927 Executing VM operation: ICBufferFull
Event: 1.927 Executing VM operation: ICBufferFull done
Event: 1.968 Executing VM operation: HandshakeAllThreads
Event: 1.968 Executing VM operation: HandshakeAllThreads done
Event: 2.335 Executing VM operation: G1CollectForAllocation
Event: 2.345 Executing VM operation: G1CollectForAllocation done
Event: 2.730 Executing VM operation: ICBufferFull
Event: 2.730 Executing VM operation: ICBufferFull done
Event: 2.818 Executing VM operation: G1CollectForAllocation
Event: 2.829 Executing VM operation: G1CollectForAllocation done
Event: 2.859 Executing VM operation: HandshakeAllThreads
Event: 2.859 Executing VM operation: HandshakeAllThreads done
Event: 2.916 Executing VM operation: ICBufferFull
Event: 2.916 Executing VM operation: ICBufferFull done
Event: 2.964 Executing VM operation: ICBufferFull
Event: 2.964 Executing VM operation: ICBufferFull done
Event: 3.046 Executing VM operation: HandshakeAllThreads
Event: 3.046 Executing VM operation: HandshakeAllThreads done
Event: 3.142 Executing VM operation: G1CollectForAllocation

Events (20 events):
Event: 1.731 Thread 0x000002a8fc0c0540 Thread exited: 0x000002a8fc0c0540
Event: 1.731 Thread 0x000002a8fc84ff10 Thread exited: 0x000002a8fc84ff10
Event: 1.731 Thread 0x000002a8fc0c0030 Thread exited: 0x000002a8fc0c0030
Event: 1.731 Thread 0x000002a8fc8503f0 Thread exited: 0x000002a8fc8503f0
Event: 2.909 Thread 0x000002a8fc0c1980 Thread added: 0x000002a8fc0c1980
Event: 2.909 Thread 0x000002a8fc0c0030 Thread added: 0x000002a8fc0c0030
Event: 2.909 Thread 0x000002a8fc0c0540 Thread added: 0x000002a8fc0c0540
Event: 2.909 Thread 0x000002a8fc0c0a50 Thread added: 0x000002a8fc0c0a50
Event: 2.909 Thread 0x000002a8fc0c1e90 Thread added: 0x000002a8fc0c1e90
Event: 2.945 Thread 0x000002a8fc0c0a50 Thread exited: 0x000002a8fc0c0a50
Event: 2.945 Thread 0x000002a8fc0c1980 Thread exited: 0x000002a8fc0c1980
Event: 2.945 Thread 0x000002a8fc0c0030 Thread exited: 0x000002a8fc0c0030
Event: 2.945 Thread 0x000002a8fc0c1e90 Thread exited: 0x000002a8fc0c1e90
Event: 2.945 Thread 0x000002a8fc0c0540 Thread exited: 0x000002a8fc0c0540
Event: 3.047 Thread 0x000002a8fc0bf610 Thread added: 0x000002a8fc0bf610
Event: 3.086 Thread 0x000002a8fc0c0540 Thread added: 0x000002a8fc0c0540
Event: 3.092 Thread 0x000002a8fc0bf100 Thread added: 0x000002a8fc0bf100
Event: 3.092 Thread 0x000002a8fc0c0a50 Thread added: 0x000002a8fc0c0a50
Event: 3.092 Thread 0x000002a8fc0c1e90 Thread added: 0x000002a8fc0c1e90
Event: 3.093 Thread 0x000002a8fc0c1980 Thread added: 0x000002a8fc0c1980


Dynamic libraries:
0x00007ff7b18d0000 - 0x00007ff7b18de000 	C:\Users\Mr T\Downloads\AnypointStudio\plugins\org.mule.tooling.jdk.win32.x86_64_1.4.1\bin\javaw.exe
0x00007ffb99720000 - 0x00007ffb99987000 	C:\WINDOWS\SYSTEM32\ntdll.dll
0x00007ffb97d50000 - 0x00007ffb97e19000 	C:\WINDOWS\System32\KERNEL32.DLL
0x00007ffb96810000 - 0x00007ffb96c04000 	C:\WINDOWS\System32\KERNELBASE.dll
0x00007ffb963d0000 - 0x00007ffb9651b000 	C:\WINDOWS\System32\ucrtbase.dll
0x00007ffb83cd0000 - 0x00007ffb83ceb000 	C:\Users\Mr T\Downloads\AnypointStudio\plugins\org.mule.tooling.jdk.win32.x86_64_1.4.1\bin\VCRUNTIME140.dll
0x00007ffb874c0000 - 0x00007ffb874d7000 	C:\Users\Mr T\Downloads\AnypointStudio\plugins\org.mule.tooling.jdk.win32.x86_64_1.4.1\bin\jli.dll
0x00007ffb99350000 - 0x00007ffb99515000 	C:\WINDOWS\System32\USER32.dll
0x00007ffb96c10000 - 0x00007ffb96c37000 	C:\WINDOWS\System32\win32u.dll
0x00007ffb97c90000 - 0x00007ffb97cbb000 	C:\WINDOWS\System32\GDI32.dll
0x00007ffb95ff0000 - 0x00007ffb9611b000 	C:\WINDOWS\System32\gdi32full.dll
0x00007ffb80770000 - 0x00007ffb80a03000 	C:\WINDOWS\WinSxS\amd64_microsoft.windows.common-controls_6595b64144ccf1df_6.0.26100.8115_none_3e075c82e3354f9c\COMCTL32.dll
0x00007ffb96320000 - 0x00007ffb963c3000 	C:\WINDOWS\System32\msvcp_win.dll
0x00007ffb97e30000 - 0x00007ffb97ed9000 	C:\WINDOWS\System32\msvcrt.dll
0x00007ffb97c50000 - 0x00007ffb97c82000 	C:\WINDOWS\System32\IMM32.DLL
0x00007ffb908b0000 - 0x00007ffb908bc000 	C:\Users\Mr T\Downloads\AnypointStudio\plugins\org.mule.tooling.jdk.win32.x86_64_1.4.1\bin\vcruntime140_1.dll
0x00007ffb60430000 - 0x00007ffb604bd000 	C:\Users\Mr T\Downloads\AnypointStudio\plugins\org.mule.tooling.jdk.win32.x86_64_1.4.1\bin\msvcp140.dll
0x00007ffb21a10000 - 0x00007ffb2267a000 	C:\Users\Mr T\Downloads\AnypointStudio\plugins\org.mule.tooling.jdk.win32.x86_64_1.4.1\bin\server\jvm.dll
0x00007ffb97a90000 - 0x00007ffb97b46000 	C:\WINDOWS\System32\ADVAPI32.dll
0x00007ffb97fe0000 - 0x00007ffb98087000 	C:\WINDOWS\System32\sechost.dll
0x00007ffb98090000 - 0x00007ffb981a8000 	C:\WINDOWS\System32\RPCRT4.dll
0x00007ffb992c0000 - 0x00007ffb99340000 	C:\WINDOWS\System32\WS2_32.dll
0x00007ffb95e50000 - 0x00007ffb95eae000 	C:\WINDOWS\SYSTEM32\POWRPROF.dll
0x00007ffb90bd0000 - 0x00007ffb90c06000 	C:\WINDOWS\SYSTEM32\WINMM.dll
0x00007ffb829d0000 - 0x00007ffb829db000 	C:\WINDOWS\SYSTEM32\VERSION.dll
0x00007ffb95e30000 - 0x00007ffb95e44000 	C:\WINDOWS\SYSTEM32\UMPDC.dll
0x00007ffb94d80000 - 0x00007ffb94d9b000 	C:\WINDOWS\SYSTEM32\kernel.appcore.dll
0x00007ffb874b0000 - 0x00007ffb874ba000 	C:\Users\Mr T\Downloads\AnypointStudio\plugins\org.mule.tooling.jdk.win32.x86_64_1.4.1\bin\jimage.dll
0x00007ffb93e00000 - 0x00007ffb94042000 	C:\WINDOWS\SYSTEM32\DBGHELP.DLL
0x00007ffb976f0000 - 0x00007ffb97a72000 	C:\WINDOWS\System32\combase.dll
0x00007ffb991e0000 - 0x00007ffb992b8000 	C:\WINDOWS\System32\OLEAUT32.dll
0x00007ffb7b3e0000 - 0x00007ffb7b41b000 	C:\WINDOWS\SYSTEM32\dbgcore.DLL
0x00007ffb965e0000 - 0x00007ffb96685000 	C:\WINDOWS\System32\bcryptPrimitives.dll
0x00007ffb83a40000 - 0x00007ffb83a65000 	C:\Users\Mr T\Downloads\AnypointStudio\plugins\org.mule.tooling.jdk.win32.x86_64_1.4.1\bin\java.dll
0x00007ffb54c80000 - 0x00007ffb54d57000 	C:\Users\Mr T\Downloads\AnypointStudio\plugins\org.mule.tooling.jdk.win32.x86_64_1.4.1\bin\jsvml.dll
0x00007ffb98850000 - 0x00007ffb98fb7000 	C:\WINDOWS\System32\SHELL32.dll
0x00007ffb96120000 - 0x00007ffb9628a000 	C:\WINDOWS\System32\wintypes.dll
0x00007ffb96c40000 - 0x00007ffb974a8000 	C:\WINDOWS\System32\windows.storage.dll
0x00007ffb990d0000 - 0x00007ffb991c8000 	C:\WINDOWS\System32\SHCORE.dll
0x00007ffb97ee0000 - 0x00007ffb97f46000 	C:\WINDOWS\System32\shlwapi.dll
0x00007ffb95f10000 - 0x00007ffb95f39000 	C:\WINDOWS\SYSTEM32\profapi.dll
0x00007ffb86ce0000 - 0x00007ffb86cf9000 	C:\Users\Mr T\Downloads\AnypointStudio\plugins\org.mule.tooling.jdk.win32.x86_64_1.4.1\bin\net.dll
0x00007ffb8f630000 - 0x00007ffb8f75d000 	C:\WINDOWS\SYSTEM32\WINHTTP.dll
0x00007ffb952f0000 - 0x00007ffb9535c000 	C:\WINDOWS\system32\mswsock.dll
0x00007ffb83d80000 - 0x00007ffb83d96000 	C:\Users\Mr T\Downloads\AnypointStudio\plugins\org.mule.tooling.jdk.win32.x86_64_1.4.1\bin\nio.dll
0x00007ffb83d20000 - 0x00007ffb83d38000 	C:\Users\Mr T\Downloads\AnypointStudio\plugins\org.mule.tooling.jdk.win32.x86_64_1.4.1\bin\zip.dll
0x00007ffb86620000 - 0x00007ffb86629000 	C:\Users\Mr T\Downloads\AnypointStudio\plugins\org.mule.tooling.jdk.win32.x86_64_1.4.1\bin\management.dll
0x00007ffb5dc20000 - 0x00007ffb5dc2b000 	C:\Users\Mr T\Downloads\AnypointStudio\plugins\org.mule.tooling.jdk.win32.x86_64_1.4.1\bin\management_ext.dll
0x00007ffb991d0000 - 0x00007ffb991d8000 	C:\WINDOWS\System32\PSAPI.DLL
0x00007ffb71820000 - 0x00007ffb71838000 	C:\WINDOWS\system32\napinsp.dll
0x00007ffb94820000 - 0x00007ffb94952000 	C:\WINDOWS\SYSTEM32\DNSAPI.dll
0x00007ffb94730000 - 0x00007ffb94762000 	C:\WINDOWS\SYSTEM32\IPHLPAPI.DLL
0x00007ffb97a80000 - 0x00007ffb97a8a000 	C:\WINDOWS\System32\NSI.dll
0x00007ffb70d70000 - 0x00007ffb70d83000 	C:\WINDOWS\System32\winrnr.dll
0x00007ffb70d40000 - 0x00007ffb70d62000 	C:\WINDOWS\system32\nlansp_c.dll
0x00007ffb70d20000 - 0x00007ffb70d36000 	C:\WINDOWS\system32\wshbth.dll
0x00007ffb906b0000 - 0x00007ffb906bb000 	C:\Windows\System32\rasadhlp.dll
0x00007ffb90b20000 - 0x00007ffb90ba6000 	C:\WINDOWS\System32\fwpuclnt.dll
0x00007ffb93300000 - 0x00007ffb93310000 	C:\Users\Mr T\Downloads\AnypointStudio\plugins\org.mule.tooling.jdk.win32.x86_64_1.4.1\bin\verify.dll

dbghelp: loaded successfully - version: 4.0.5 - missing functions: none
symbol engine: initialized successfully - sym options: 0x614 - pdb path: .;C:\Users\Mr T\Downloads\AnypointStudio\plugins\org.mule.tooling.jdk.win32.x86_64_1.4.1\bin;C:\WINDOWS\SYSTEM32;C:\WINDOWS\WinSxS\amd64_microsoft.windows.common-controls_6595b64144ccf1df_6.0.26100.8115_none_3e075c82e3354f9c;C:\Users\Mr T\Downloads\AnypointStudio\plugins\org.mule.tooling.jdk.win32.x86_64_1.4.1\bin\server

VM Arguments:
jvm_args: -Djava.library.path= -Dlog4j.skipJansi=true -Djava.io.tmpdir=C:\Users\MRT~1\AppData\Local\Temp\ -Dorg.glassfish.grizzly.DEFAULT_MEMORY_MANAGER=org.glassfish.grizzly.memory.HeapMemoryManager -Dmule.testingMode -Dmunit.server.port=40213 -Dlog4j.configurationFile=C:\Users\Mr T\AppData\Local\Temp\munit-temp-dir\munittarget6917703649696626887\test-classes\log4j2-test.xml --add-opens=java.base/java.lang.reflect=org.mule.runtime.embedded.api --add-opens=java.base/java.lang=org.mule.runtime.embedded.api --add-opens=java.base/java.lang.invoke=org.mule.runtime.embedded.api --add-opens=java.sql/java.sql=org.mule.runtime.embedded.api -Dfile.encoding=UTF-8 -Dstdout.encoding=UTF-8 -Dstderr.encoding=UTF-8 --module-path=C:\Users\Mr T\Downloads\AnypointStudio\plugins\org.mule.tooling.ui.contribution.munit_2.7.15.202502051553\1758\dependencies -XX:+ShowCodeDetailsInExceptionMessages -Djdk.module.main=munit.starter 
java_command: munit.starter/org.mule.munit.starter.LayerStarter -run_configuration C:\Users\Mr T\AppData\Local\Temp\munit-temp-dir\munitworkingdir15163130761278830294\run-configuration.json -module_path C:\Users\Mr T\Downloads\AnypointStudio\plugins\org.mule.tooling.ui.contribution.munit_2.7.15.202502051553\1617\dependencies
java_class_path (initial): C:\Users\Mr T\Downloads\AnypointStudio\plugins\org.mule.tooling.ui.contribution.munit_2.7.15.202502051553\lib\munit-remote-jar-with-dependencies.jar;C:\Users\Mr T\AppData\Local\Temp\munit-temp-dir\munittarget6917703649696626887\test-classes\log4j2-test.xml
Launcher Type: SUN_STANDARD

[Global flags]
     intx CICompilerCount                          = 4                                         {product} {ergonomic}
     uint ConcGCThreads                            = 3                                         {product} {ergonomic}
     uint G1ConcRefinementThreads                  = 10                                        {product} {ergonomic}
   size_t G1HeapRegionSize                         = 1048576                                   {product} {ergonomic}
    uintx GCDrainStackTargetSize                   = 64                                        {product} {ergonomic}
   size_t InitialHeapSize                          = 130023424                                 {product} {ergonomic}
   size_t MarkStackSize                            = 4194304                                   {product} {ergonomic}
   size_t MaxHeapSize                              = 2065694720                                {product} {ergonomic}
   size_t MaxNewSize                               = 1239416832                                {product} {ergonomic}
   size_t MinHeapDeltaBytes                        = 1048576                                   {product} {ergonomic}
   size_t MinHeapSize                              = 8388608                                   {product} {ergonomic}
    uintx NonNMethodCodeHeapSize                   = 5839372                                {pd product} {ergonomic}
    uintx NonProfiledCodeHeapSize                  = 122909434                              {pd product} {ergonomic}
    uintx ProfiledCodeHeapSize                     = 122909434                              {pd product} {ergonomic}
    uintx ReservedCodeCacheSize                    = 251658240                              {pd product} {ergonomic}
     bool SegmentedCodeCache                       = true                                      {product} {ergonomic}
     bool ShowCodeDetailsInExceptionMessages       = true                                   {manageable} {command line}
   size_t SoftMaxHeapSize                          = 2065694720                             {manageable} {ergonomic}
     bool UseCompressedClassPointers               = true                           {product lp64_product} {ergonomic}
     bool UseCompressedOops                        = true                           {product lp64_product} {ergonomic}
     bool UseG1GC                                  = true                                      {product} {ergonomic}
     bool UseLargePagesIndividualAllocation        = false                                  {pd product} {ergonomic}

Logging:
Log output configuration:
 #0: stdout all=warning uptime,level,tags
 #1: stderr all=off uptime,level,tags

Environment Variables:
PATH=C:\Program Files\Common Files\Oracle\Java\javapath;C:\WINDOWS\system32;C:\WINDOWS;C:\WINDOWS\System32\Wbem;C:\WINDOWS\System32\WindowsPowerShell\v1.0\;C:\WINDOWS\System32\OpenSSH\;C:\Program Files\dotnet\;C:\Users\Mr T\AppData\Local\Microsoft\WindowsApps;C:\Users\Mr T\AppData\Local\GitHubDesktop\bin;C:\Program Files\Maven\apache-maven-3.9.11\bin;
USERNAME=Mr T
OS=Windows_NT
PROCESSOR_IDENTIFIER=Intel64 Family 6 Model 186 Stepping 3, GenuineIntel
TMP=C:\Users\MRT~1\AppData\Local\Temp
TEMP=C:\Users\MRT~1\AppData\Local\Temp



Periodic native trim disabled


---------------  S Y S T E M  ---------------

OS:
 Windows 11 , 64 bit Build 26100 (10.0.26100.8246)
OS uptime: 12 days 2:59 hours
Hyper-V role detected

CPU: total 12 (initial active 12) (6 cores per cpu, 2 threads per core) family 6 model 186 stepping 3 microcode 0x6134, cx8, cmov, fxsr, ht, mmx, 3dnowpref, sse, sse2, sse3, ssse3, sse4.1, sse4.2, popcnt, lzcnt, tsc, tscinvbit, avx, avx2, aes, erms, clmul, bmi1, bmi2, adx, sha, fma, vzeroupper, clflush, clflushopt, clwb, hv
Processor Information for all 12 processors :
  Max Mhz: 1300, Current Mhz: 1300, Mhz Limit: 1300

Memory: 4k page, system-wide physical 7876M (538M free)
TotalPageFile size 32452M (AvailPageFile size 94M)
current process WorkingSet (physical memory assigned to process): 299M, peak: 303M
current process commit charge ("private bytes"): 350M, peak: 439M

vm_info: OpenJDK 64-Bit Server VM (17.0.12+7) for windows-amd64 JRE (17.0.12+7), built on Jul 16 2024 22:08:24 by "admin" with MS VC++ 16.10 / 16.11 (VS2019)

END.
