#
# There is insufficient memory for the Java Runtime Environment to continue.
# Native memory allocation (malloc) failed to allocate 1717776 bytes. Error detail: Chunk::new
# Possible reasons:
#   The system is out of physical RAM or swap space
#   This process is running with CompressedOops enabled, and the Java Heap may be blocking the growth of the native heap
# Possible solutions:
#   Reduce memory load on the system
#   Increase physical memory or swap space
#   Check if swap backing store is full
#   Decrease Java heap size (-Xmx/-Xms)
#   Decrease number of Java threads
#   Decrease Java thread stack sizes (-Xss)
#   Set larger code cache with -XX:ReservedCodeCacheSize=
#   JVM is running with Unscaled Compressed Oops mode in which the Java heap is
#     placed in the first 4GB address space. The Java Heap base address is the
#     maximum limit for the native heap growth. Please use -XX:HeapBaseMinAddress
#     to set the Java Heap base and to place the Java Heap above 4GB virtual address.
# This output file may be truncated or incomplete.
#
#  Out of Memory Error (arena.cpp:191), pid=12260, tid=4352
#
# JRE version: OpenJDK Runtime Environment Temurin-17.0.12+7 (17.0.12+7) (build 17.0.12+7)
# Java VM: OpenJDK 64-Bit Server VM Temurin-17.0.12+7 (17.0.12+7, mixed mode, sharing, tiered, compressed oops, compressed class ptrs, g1 gc, windows-amd64)
# No core dump will be written. Minidumps are not enabled by default on client versions of Windows
#

---------------  S U M M A R Y ------------

Command Line: -Djava.library.path= -Dlog4j.skipJansi=true -Djava.io.tmpdir=C:\Users\MRT~1\AppData\Local\Temp\ -Dorg.glassfish.grizzly.DEFAULT_MEMORY_MANAGER=org.glassfish.grizzly.memory.HeapMemoryManager -Dmule.testingMode -Dmunit.server.port=45366 -Dlog4j.configurationFile=C:\Users\Mr T\AppData\Local\Temp\munit-temp-dir\munittarget7764276241627749280\test-classes\log4j2-test.xml --add-opens=java.base/java.lang.reflect=org.mule.runtime.embedded.api --add-opens=java.base/java.lang=org.mule.runtime.embedded.api --add-opens=java.base/java.lang.invoke=org.mule.runtime.embedded.api --add-opens=java.sql/java.sql=org.mule.runtime.embedded.api -Dfile.encoding=UTF-8 -Dstdout.encoding=UTF-8 -Dstderr.encoding=UTF-8 --module-path=C:\Users\Mr T\Downloads\AnypointStudio\plugins\org.mule.tooling.ui.contribution.munit_2.7.15.202502051553\9018\dependencies -XX:+ShowCodeDetailsInExceptionMessages -Djdk.module.main=munit.starter munit.starter/org.mule.munit.starter.LayerStarter -run_configuration C:\Users\Mr T\AppData\Local\Temp\munit-temp-dir\munitworkingdir17813343863083174085\run-configuration.json -module_path C:\Users\Mr T\Downloads\AnypointStudio\plugins\org.mule.tooling.ui.contribution.munit_2.7.15.202502051553\6507\dependencies

Host: 13th Gen Intel(R) Core(TM) i5-1334U, 12 cores, 7G,  Windows 11 , 64 bit Build 26100 (10.0.26100.8246)
Time: Sun May 10 12:51:13 2026 India Standard Time elapsed time: 7.702635 seconds (0d 0h 0m 7s)

---------------  T H R E A D  ---------------

Current thread (0x000001fd7e24b790):  JavaThread "C2 CompilerThread2" daemon [_thread_in_native, id=4352, stack(0x000000acd1e00000,0x000000acd1f00000)]


Current CompileTask:
C2:   7702 4723       4       org.codehaus.plexus.interpolation.PrefixedValueSourceWrapper::getValue (39 bytes)

Stack: [0x000000acd1e00000,0x000000acd1f00000]
Native frames: (J=compiled Java code, j=interpreted, Vv=VM code, C=native code)
V  [jvm.dll+0x67f929]
V  [jvm.dll+0x8371ba]
V  [jvm.dll+0x838c7e]
V  [jvm.dll+0x8392e3]
V  [jvm.dll+0x24834f]
V  [jvm.dll+0xac9d4]
V  [jvm.dll+0xad01c]
V  [jvm.dll+0x3674a7]
V  [jvm.dll+0x1bd376]
V  [jvm.dll+0x21aa09]
V  [jvm.dll+0x219cf1]
V  [jvm.dll+0x1a58bd]
V  [jvm.dll+0x229a2d]
V  [jvm.dll+0x227bdc]
V  [jvm.dll+0x7ec1f7]
V  [jvm.dll+0x7e65dc]
V  [jvm.dll+0x67e7f7]
C  [ucrtbase.dll+0x37b0]
C  [KERNEL32.DLL+0x2e8d7]
C  [ntdll.dll+0x8c3fc]


---------------  P R O C E S S  ---------------

Threads class SMR info:
_java_thread_list=0x000001fd3cd80310, length=18, elements={
0x000001fd1c308800, 0x000001fd3c8cf4c0, 0x000001fd3c8cfd90, 0x000001fd3c8e3880,
0x000001fd3c8e8160, 0x000001fd3c8e8a30, 0x000001fd3c8e9300, 0x000001fd3c8f1f10,
0x000001fd3c8f48e0, 0x000001fd3c8f86f0, 0x000001fd3c8baa90, 0x000001fd7e2e7e00,
0x000001fd7e7ad020, 0x000001fd7e24b240, 0x000001fd7ec2faf0, 0x000001fd7e24b790,
0x000001fd7f47bf30, 0x000001fd7f47a5e0
}

Java Threads: ( => current thread )
  0x000001fd1c308800 JavaThread "main" [_thread_blocked, id=15760, stack(0x000000accfd00000,0x000000accfe00000)]
  0x000001fd3c8cf4c0 JavaThread "Reference Handler" daemon [_thread_blocked, id=3288, stack(0x000000acd0400000,0x000000acd0500000)]
  0x000001fd3c8cfd90 JavaThread "Finalizer" daemon [_thread_blocked, id=20720, stack(0x000000acd0500000,0x000000acd0600000)]
  0x000001fd3c8e3880 JavaThread "Signal Dispatcher" daemon [_thread_blocked, id=15720, stack(0x000000acd0600000,0x000000acd0700000)]
  0x000001fd3c8e8160 JavaThread "Attach Listener" daemon [_thread_blocked, id=14972, stack(0x000000acd0700000,0x000000acd0800000)]
  0x000001fd3c8e8a30 JavaThread "Service Thread" daemon [_thread_blocked, id=30672, stack(0x000000acd0800000,0x000000acd0900000)]
  0x000001fd3c8e9300 JavaThread "Monitor Deflation Thread" daemon [_thread_blocked, id=25792, stack(0x000000acd0900000,0x000000acd0a00000)]
  0x000001fd3c8f1f10 JavaThread "C2 CompilerThread0" daemon [_thread_in_native, id=31676, stack(0x000000acd0a00000,0x000000acd0b00000)]
  0x000001fd3c8f48e0 JavaThread "C1 CompilerThread0" daemon [_thread_blocked, id=3448, stack(0x000000acd0b00000,0x000000acd0c00000)]
  0x000001fd3c8f86f0 JavaThread "Sweeper thread" daemon [_thread_blocked, id=30688, stack(0x000000acd0c00000,0x000000acd0d00000)]
  0x000001fd3c8baa90 JavaThread "Common-Cleaner" daemon [_thread_blocked, id=3204, stack(0x000000acd0d00000,0x000000acd0e00000)]
  0x000001fd7e2e7e00 JavaThread "Notification Thread" daemon [_thread_blocked, id=9284, stack(0x000000acd0f00000,0x000000acd1000000)]
  0x000001fd7e7ad020 JavaThread "Log4j2-TF-1-AsyncLoggerConfig-1" daemon [_thread_blocked, id=19272, stack(0x000000acd1400000,0x000000acd1500000)]
  0x000001fd7e24b240 JavaThread "C2 CompilerThread1" daemon [_thread_in_native, id=4460, stack(0x000000acd0e00000,0x000000acd0f00000)]
  0x000001fd7ec2faf0 JavaThread "Log4j2-TF-3-AsyncLoggerConfig-2" daemon [_thread_blocked, id=31480, stack(0x000000acd1500000,0x000000acd1600000)]
=>0x000001fd7e24b790 JavaThread "C2 CompilerThread2" daemon [_thread_in_native, id=4352, stack(0x000000acd1e00000,0x000000acd1f00000)]
  0x000001fd7f47bf30 JavaThread "pool-4-thread-1" [_thread_in_native, id=13784, stack(0x000000acd1f00000,0x000000acd2000000)]
  0x000001fd7f47a5e0 JavaThread "Embedded" [_thread_in_native, id=14676, stack(0x000000acd2000000,0x000000acd2100000)]

Other Threads:
  0x000001fd3c8c8b40 VMThread "VM Thread" [stack: 0x000000acd0300000,0x000000acd0400000] [id=20860]
  0x000001fd3cd857a0 WatcherThread [stack: 0x000000acd1000000,0x000000acd1100000] [id=30684]
  0x000001fd1c364990 GCTaskThread "GC Thread#0" [stack: 0x000000accfe00000,0x000000accff00000] [id=30360]
  0x000001fd7e0807b0 GCTaskThread "GC Thread#1" [stack: 0x000000acd1100000,0x000000acd1200000] [id=19032]
  0x000001fd7e31c2c0 GCTaskThread "GC Thread#2" [stack: 0x000000acd1200000,0x000000acd1300000] [id=27924]
  0x000001fd7e26bc20 GCTaskThread "GC Thread#3" [stack: 0x000000acd1300000,0x000000acd1400000] [id=4628]
  0x000001fd7eae3980 GCTaskThread "GC Thread#4" [stack: 0x000000acd1600000,0x000000acd1700000] [id=26916]
  0x000001fd7efd1c50 GCTaskThread "GC Thread#5" [stack: 0x000000acd1700000,0x000000acd1800000] [id=4408]
  0x000001fd7ebfb0d0 GCTaskThread "GC Thread#6" [stack: 0x000000acd1800000,0x000000acd1900000] [id=5040]
  0x000001fd7f063ea0 GCTaskThread "GC Thread#7" [stack: 0x000000acd1900000,0x000000acd1a00000] [id=12368]
  0x000001fd7e0774b0 GCTaskThread "GC Thread#8" [stack: 0x000000acd1a00000,0x000000acd1b00000] [id=17028]
  0x000001fd7e6cf6f0 GCTaskThread "GC Thread#9" [stack: 0x000000acd1b00000,0x000000acd1c00000] [id=6544]
  0x000001fd1c376d40 ConcurrentGCThread "G1 Main Marker" [stack: 0x000000accff00000,0x000000acd0000000] [id=29608]
  0x000001fd1c377570 ConcurrentGCThread "G1 Conc#0" [stack: 0x000000acd0000000,0x000000acd0100000] [id=29048]
  0x000001fd1c3be4a0 ConcurrentGCThread "G1 Refine#0" [stack: 0x000000acd0100000,0x000000acd0200000] [id=31400]
  0x000001fd7ec80050 ConcurrentGCThread "G1 Refine#1" [stack: 0x000000acd1c00000,0x000000acd1d00000] [id=30424]
  0x000001fd7ee97f70 ConcurrentGCThread "G1 Refine#2" [stack: 0x000000acd1d00000,0x000000acd1e00000] [id=1800]
  0x000001fd04728a70 ConcurrentGCThread "G1 Refine#3" [stack: 0x000000acd2500000,0x000000acd2600000] [id=23440]
  0x000001fd1c3beb80 ConcurrentGCThread "G1 Service" [stack: 0x000000acd0200000,0x000000acd0300000] [id=3612]

Threads with active compile tasks:
C2 CompilerThread0     7779 4642       4       java.lang.module.Resolver::computeIfAbsent (42 bytes)
C2 CompilerThread1     7779 4722       4       org.codehaus.plexus.interpolation.AbstractDelegatingValueSource::getValue (11 bytes)
C2 CompilerThread2     7779 4723       4       org.codehaus.plexus.interpolation.PrefixedValueSourceWrapper::getValue (39 bytes)

VM state: not at safepoint (normal execution)

VM Mutex/Monitor currently owned by a thread: None

Heap address: 0x0000000084e00000, size: 1970 MB, Compressed Oops mode: 32-bit

CDS archive(s) mapped at: [0x000001fd3d000000-0x000001fd3dbb0000-0x000001fd3dbb0000), size 12255232, SharedBaseAddress: 0x000001fd3d000000, ArchiveRelocationMode: 1.
Compressed class space mapped at: 0x000001fd3e000000-0x000001fd7e000000, reserved size: 1073741824
Narrow klass base: 0x000001fd3d000000, Narrow klass shift: 0, Narrow klass range: 0x100000000

GC Precious Log:
 CPUs: 12 total, 12 available
 Memory: 7876M
 Large Page Support: Disabled
 NUMA Support: Disabled
 Compressed Oops: Enabled (32-bit)
 Heap Region Size: 1M
 Heap Min Capacity: 8M
 Heap Initial Capacity: 124M
 Heap Max Capacity: 1970M
 Pre-touch: Disabled
 Parallel Workers: 10
 Concurrent Workers: 3
 Concurrent Refinement Workers: 10
 Periodic GC: Disabled

Heap:
 garbage-first heap   total 234496K, used 107699K [0x0000000084e00000, 0x0000000100000000)
  region size 1024K, 43 young (44032K), 15 survivors (15360K)
 Metaspace       used 19288K, committed 19648K, reserved 1114112K
  class space    used 2134K, committed 2304K, reserved 1048576K

Heap Regions: E=young(eden), S=young(survivor), O=old, HS=humongous(starts), HC=humongous(continues), CS=collection set, F=free, OA=open archive, CA=closed archive, TAMS=top-at-mark-start (previous, next)
|   0|0x0000000084e00000, 0x0000000084f00000, 0x0000000084f00000|100%|HS|  |TAMS 0x0000000084e00000, 0x0000000084e00000| Complete 
|   1|0x0000000084f00000, 0x0000000085000000, 0x0000000085000000|100%| O|  |TAMS 0x0000000084f00000, 0x0000000084f00000| Untracked 
|   2|0x0000000085000000, 0x0000000085100000, 0x0000000085100000|100%| O|  |TAMS 0x0000000085000000, 0x0000000085000000| Untracked 
|   3|0x0000000085100000, 0x0000000085200000, 0x0000000085200000|100%| O|  |TAMS 0x0000000085100000, 0x0000000085100000| Untracked 
|   4|0x0000000085200000, 0x0000000085300000, 0x0000000085300000|100%| O|  |TAMS 0x0000000085200000, 0x0000000085200000| Untracked 
|   5|0x0000000085300000, 0x0000000085400000, 0x0000000085400000|100%| O|  |TAMS 0x0000000085300000, 0x0000000085300000| Untracked 
|   6|0x0000000085400000, 0x0000000085500000, 0x0000000085500000|100%| O|  |TAMS 0x0000000085400000, 0x0000000085400000| Untracked 
|   7|0x0000000085500000, 0x0000000085600000, 0x0000000085600000|100%| O|  |TAMS 0x0000000085500000, 0x0000000085500000| Untracked 
|   8|0x0000000085600000, 0x0000000085700000, 0x0000000085700000|100%| O|  |TAMS 0x0000000085600000, 0x0000000085600000| Untracked 
|   9|0x0000000085700000, 0x0000000085800000, 0x0000000085800000|100%| O|  |TAMS 0x0000000085700000, 0x0000000085700000| Untracked 
|  10|0x0000000085800000, 0x0000000085900000, 0x0000000085900000|100%| O|  |TAMS 0x0000000085800000, 0x0000000085800000| Untracked 
|  11|0x0000000085900000, 0x0000000085a00000, 0x0000000085a00000|100%| O|  |TAMS 0x0000000085900000, 0x0000000085900000| Untracked 
|  12|0x0000000085a00000, 0x0000000085b00000, 0x0000000085b00000|100%| O|  |TAMS 0x0000000085a00000, 0x0000000085a00000| Untracked 
|  13|0x0000000085b00000, 0x0000000085c00000, 0x0000000085c00000|100%| O|  |TAMS 0x0000000085b00000, 0x0000000085b00000| Untracked 
|  14|0x0000000085c00000, 0x0000000085d00000, 0x0000000085d00000|100%| O|  |TAMS 0x0000000085c00000, 0x0000000085c00000| Untracked 
|  15|0x0000000085d00000, 0x0000000085e00000, 0x0000000085e00000|100%| O|  |TAMS 0x0000000085d00000, 0x0000000085d00000| Untracked 
|  16|0x0000000085e00000, 0x0000000085f00000, 0x0000000085f00000|100%| O|  |TAMS 0x0000000085e00000, 0x0000000085e00000| Untracked 
|  17|0x0000000085f00000, 0x0000000086000000, 0x0000000086000000|100%| O|  |TAMS 0x0000000085f00000, 0x0000000085f00000| Untracked 
|  18|0x0000000086000000, 0x0000000086100000, 0x0000000086100000|100%| O|  |TAMS 0x0000000086000000, 0x0000000086000000| Untracked 
|  19|0x0000000086100000, 0x0000000086200000, 0x0000000086200000|100%| O|  |TAMS 0x0000000086100000, 0x0000000086100000| Untracked 
|  20|0x0000000086200000, 0x0000000086300000, 0x0000000086300000|100%| O|  |TAMS 0x0000000086200000, 0x0000000086200000| Untracked 
|  21|0x0000000086300000, 0x0000000086400000, 0x0000000086400000|100%| O|  |TAMS 0x0000000086300000, 0x0000000086300000| Untracked 
|  22|0x0000000086400000, 0x0000000086500000, 0x0000000086500000|100%| O|  |TAMS 0x0000000086400000, 0x0000000086400000| Untracked 
|  23|0x0000000086500000, 0x0000000086600000, 0x0000000086600000|100%| O|  |TAMS 0x0000000086500000, 0x0000000086500000| Untracked 
|  24|0x0000000086600000, 0x0000000086700000, 0x0000000086700000|100%| O|  |TAMS 0x0000000086600000, 0x0000000086600000| Untracked 
|  25|0x0000000086700000, 0x0000000086800000, 0x0000000086800000|100%| O|  |TAMS 0x0000000086700000, 0x0000000086700000| Untracked 
|  26|0x0000000086800000, 0x0000000086900000, 0x0000000086900000|100%| O|  |TAMS 0x0000000086800000, 0x0000000086800000| Untracked 
|  27|0x0000000086900000, 0x0000000086a00000, 0x0000000086a00000|100%| O|  |TAMS 0x0000000086900000, 0x0000000086900000| Untracked 
|  28|0x0000000086a00000, 0x0000000086b00000, 0x0000000086b00000|100%| O|  |TAMS 0x0000000086a00000, 0x0000000086a00000| Untracked 
|  29|0x0000000086b00000, 0x0000000086c00000, 0x0000000086c00000|100%| O|  |TAMS 0x0000000086b00000, 0x0000000086b00000| Untracked 
|  30|0x0000000086c00000, 0x0000000086d00000, 0x0000000086d00000|100%| O|  |TAMS 0x0000000086c00000, 0x0000000086c00000| Untracked 
|  31|0x0000000086d00000, 0x0000000086e00000, 0x0000000086e00000|100%| O|  |TAMS 0x0000000086d00000, 0x0000000086d00000| Untracked 
|  32|0x0000000086e00000, 0x0000000086f00000, 0x0000000086f00000|100%| O|  |TAMS 0x0000000086e00000, 0x0000000086e00000| Untracked 
|  33|0x0000000086f00000, 0x0000000087000000, 0x0000000087000000|100%| O|  |TAMS 0x0000000086f00000, 0x0000000086f00000| Untracked 
|  34|0x0000000087000000, 0x0000000087100000, 0x0000000087100000|100%| O|  |TAMS 0x0000000087000000, 0x0000000087000000| Untracked 
|  35|0x0000000087100000, 0x0000000087200000, 0x0000000087200000|100%| O|  |TAMS 0x0000000087100000, 0x0000000087100000| Untracked 
|  36|0x0000000087200000, 0x0000000087300000, 0x0000000087300000|100%|HS|  |TAMS 0x0000000087200000, 0x0000000087200000| Complete 
|  37|0x0000000087300000, 0x0000000087400000, 0x0000000087400000|100%|HC|  |TAMS 0x0000000087300000, 0x0000000087300000| Complete 
|  38|0x0000000087400000, 0x0000000087500000, 0x0000000087500000|100%|HS|  |TAMS 0x0000000087400000, 0x0000000087400000| Complete 
|  39|0x0000000087500000, 0x0000000087600000, 0x0000000087600000|100%|HS|  |TAMS 0x0000000087500000, 0x0000000087500000| Complete 
|  40|0x0000000087600000, 0x0000000087700000, 0x0000000087700000|100%|HC|  |TAMS 0x0000000087600000, 0x0000000087600000| Complete 
|  41|0x0000000087700000, 0x0000000087800000, 0x0000000087800000|100%| O|  |TAMS 0x0000000087700000, 0x0000000087700000| Untracked 
|  42|0x0000000087800000, 0x0000000087900000, 0x0000000087900000|100%| O|  |TAMS 0x0000000087800000, 0x0000000087800000| Untracked 
|  43|0x0000000087900000, 0x0000000087a00000, 0x0000000087a00000|100%| O|  |TAMS 0x0000000087900000, 0x0000000087900000| Untracked 
|  44|0x0000000087a00000, 0x0000000087b00000, 0x0000000087b00000|100%| O|  |TAMS 0x0000000087a00000, 0x0000000087a00000| Untracked 
|  45|0x0000000087b00000, 0x0000000087c00000, 0x0000000087c00000|100%| O|  |TAMS 0x0000000087b00000, 0x0000000087b00000| Untracked 
|  46|0x0000000087c00000, 0x0000000087d00000, 0x0000000087d00000|100%| O|  |TAMS 0x0000000087c00000, 0x0000000087c00000| Untracked 
|  47|0x0000000087d00000, 0x0000000087e00000, 0x0000000087e00000|100%| O|  |TAMS 0x0000000087d00000, 0x0000000087d00000| Untracked 
|  48|0x0000000087e00000, 0x0000000087f00000, 0x0000000087f00000|100%| O|  |TAMS 0x0000000087e00000, 0x0000000087e00000| Untracked 
|  49|0x0000000087f00000, 0x0000000088000000, 0x0000000088000000|100%| O|  |TAMS 0x0000000087f00000, 0x0000000087f00000| Untracked 
|  50|0x0000000088000000, 0x0000000088100000, 0x0000000088100000|100%| O|  |TAMS 0x0000000088000000, 0x0000000088000000| Untracked 
|  51|0x0000000088100000, 0x0000000088200000, 0x0000000088200000|100%| O|  |TAMS 0x0000000088100000, 0x0000000088100000| Untracked 
|  52|0x0000000088200000, 0x0000000088300000, 0x0000000088300000|100%| O|  |TAMS 0x0000000088200000, 0x0000000088200000| Untracked 
|  53|0x0000000088300000, 0x0000000088400000, 0x0000000088400000|100%| O|  |TAMS 0x0000000088300000, 0x0000000088300000| Untracked 
|  54|0x0000000088400000, 0x0000000088500000, 0x0000000088500000|100%| O|  |TAMS 0x0000000088400000, 0x0000000088400000| Untracked 
|  55|0x0000000088500000, 0x0000000088600000, 0x0000000088600000|100%| O|  |TAMS 0x0000000088500000, 0x0000000088500000| Untracked 
|  56|0x0000000088600000, 0x0000000088700000, 0x0000000088700000|100%| O|  |TAMS 0x0000000088600000, 0x0000000088600000| Untracked 
|  57|0x0000000088700000, 0x0000000088800000, 0x0000000088800000|100%| O|  |TAMS 0x0000000088700000, 0x0000000088700000| Untracked 
|  58|0x0000000088800000, 0x0000000088900000, 0x0000000088900000|100%| O|  |TAMS 0x0000000088800000, 0x0000000088800000| Untracked 
|  59|0x0000000088900000, 0x0000000088a00000, 0x0000000088a00000|100%| O|  |TAMS 0x0000000088900000, 0x0000000088900000| Untracked 
|  60|0x0000000088a00000, 0x0000000088b00000, 0x0000000088b00000|100%| O|  |TAMS 0x0000000088a00000, 0x0000000088a00000| Untracked 
|  61|0x0000000088b00000, 0x0000000088c00000, 0x0000000088c00000|100%| O|  |TAMS 0x0000000088b00000, 0x0000000088b00000| Untracked 
|  62|0x0000000088c00000, 0x0000000088d00000, 0x0000000088d00000|100%| O|  |TAMS 0x0000000088c00000, 0x0000000088c00000| Untracked 
|  63|0x0000000088d00000, 0x0000000088dacc00, 0x0000000088e00000| 67%| O|  |TAMS 0x0000000088d00000, 0x0000000088d00000| Untracked 
|  64|0x0000000088e00000, 0x0000000088e00000, 0x0000000088f00000|  0%| F|  |TAMS 0x0000000088e00000, 0x0000000088e00000| Untracked 
|  65|0x0000000088f00000, 0x0000000088f00000, 0x0000000089000000|  0%| F|  |TAMS 0x0000000088f00000, 0x0000000088f00000| Untracked 
|  66|0x0000000089000000, 0x0000000089000000, 0x0000000089100000|  0%| F|  |TAMS 0x0000000089000000, 0x0000000089000000| Untracked 
|  67|0x0000000089100000, 0x0000000089100000, 0x0000000089200000|  0%| F|  |TAMS 0x0000000089100000, 0x0000000089100000| Untracked 
|  68|0x0000000089200000, 0x0000000089200000, 0x0000000089300000|  0%| F|  |TAMS 0x0000000089200000, 0x0000000089200000| Untracked 
|  69|0x0000000089300000, 0x0000000089300000, 0x0000000089400000|  0%| F|  |TAMS 0x0000000089300000, 0x0000000089300000| Untracked 
|  70|0x0000000089400000, 0x0000000089400000, 0x0000000089500000|  0%| F|  |TAMS 0x0000000089400000, 0x0000000089400000| Untracked 
|  71|0x0000000089500000, 0x0000000089500000, 0x0000000089600000|  0%| F|  |TAMS 0x0000000089500000, 0x0000000089500000| Untracked 
|  72|0x0000000089600000, 0x0000000089600000, 0x0000000089700000|  0%| F|  |TAMS 0x0000000089600000, 0x0000000089600000| Untracked 
|  73|0x0000000089700000, 0x0000000089700000, 0x0000000089800000|  0%| F|  |TAMS 0x0000000089700000, 0x0000000089700000| Untracked 
|  74|0x0000000089800000, 0x0000000089800000, 0x0000000089900000|  0%| F|  |TAMS 0x0000000089800000, 0x0000000089800000| Untracked 
|  75|0x0000000089900000, 0x0000000089900000, 0x0000000089a00000|  0%| F|  |TAMS 0x0000000089900000, 0x0000000089900000| Untracked 
|  76|0x0000000089a00000, 0x0000000089a00000, 0x0000000089b00000|  0%| F|  |TAMS 0x0000000089a00000, 0x0000000089a00000| Untracked 
|  77|0x0000000089b00000, 0x0000000089b00000, 0x0000000089c00000|  0%| F|  |TAMS 0x0000000089b00000, 0x0000000089b00000| Untracked 
|  78|0x0000000089c00000, 0x0000000089c00000, 0x0000000089d00000|  0%| F|  |TAMS 0x0000000089c00000, 0x0000000089c00000| Untracked 
|  79|0x0000000089d00000, 0x0000000089d00000, 0x0000000089e00000|  0%| F|  |TAMS 0x0000000089d00000, 0x0000000089d00000| Untracked 
|  80|0x0000000089e00000, 0x0000000089e00000, 0x0000000089f00000|  0%| F|  |TAMS 0x0000000089e00000, 0x0000000089e00000| Untracked 
|  81|0x0000000089f00000, 0x0000000089f00000, 0x000000008a000000|  0%| F|  |TAMS 0x0000000089f00000, 0x0000000089f00000| Untracked 
|  82|0x000000008a000000, 0x000000008a000000, 0x000000008a100000|  0%| F|  |TAMS 0x000000008a000000, 0x000000008a000000| Untracked 
|  83|0x000000008a100000, 0x000000008a100000, 0x000000008a200000|  0%| F|  |TAMS 0x000000008a100000, 0x000000008a100000| Untracked 
|  84|0x000000008a200000, 0x000000008a200000, 0x000000008a300000|  0%| F|  |TAMS 0x000000008a200000, 0x000000008a200000| Untracked 
|  85|0x000000008a300000, 0x000000008a300000, 0x000000008a400000|  0%| F|  |TAMS 0x000000008a300000, 0x000000008a300000| Untracked 
|  86|0x000000008a400000, 0x000000008a400000, 0x000000008a500000|  0%| F|  |TAMS 0x000000008a400000, 0x000000008a400000| Untracked 
|  87|0x000000008a500000, 0x000000008a500000, 0x000000008a600000|  0%| F|  |TAMS 0x000000008a500000, 0x000000008a500000| Untracked 
|  88|0x000000008a600000, 0x000000008a600000, 0x000000008a700000|  0%| F|  |TAMS 0x000000008a600000, 0x000000008a600000| Untracked 
|  89|0x000000008a700000, 0x000000008a700000, 0x000000008a800000|  0%| F|  |TAMS 0x000000008a700000, 0x000000008a700000| Untracked 
|  90|0x000000008a800000, 0x000000008a800000, 0x000000008a900000|  0%| F|  |TAMS 0x000000008a800000, 0x000000008a800000| Untracked 
|  91|0x000000008a900000, 0x000000008a900000, 0x000000008aa00000|  0%| F|  |TAMS 0x000000008a900000, 0x000000008a900000| Untracked 
|  92|0x000000008aa00000, 0x000000008aa00000, 0x000000008ab00000|  0%| F|  |TAMS 0x000000008aa00000, 0x000000008aa00000| Untracked 
|  93|0x000000008ab00000, 0x000000008ab00000, 0x000000008ac00000|  0%| F|  |TAMS 0x000000008ab00000, 0x000000008ab00000| Untracked 
|  94|0x000000008ac00000, 0x000000008ac00000, 0x000000008ad00000|  0%| F|  |TAMS 0x000000008ac00000, 0x000000008ac00000| Untracked 
|  95|0x000000008ad00000, 0x000000008ad00000, 0x000000008ae00000|  0%| F|  |TAMS 0x000000008ad00000, 0x000000008ad00000| Untracked 
|  96|0x000000008ae00000, 0x000000008ae00000, 0x000000008af00000|  0%| F|  |TAMS 0x000000008ae00000, 0x000000008ae00000| Untracked 
|  97|0x000000008af00000, 0x000000008af00000, 0x000000008b000000|  0%| F|  |TAMS 0x000000008af00000, 0x000000008af00000| Untracked 
|  98|0x000000008b000000, 0x000000008b000000, 0x000000008b100000|  0%| F|  |TAMS 0x000000008b000000, 0x000000008b000000| Untracked 
|  99|0x000000008b100000, 0x000000008b100000, 0x000000008b200000|  0%| F|  |TAMS 0x000000008b100000, 0x000000008b100000| Untracked 
| 100|0x000000008b200000, 0x000000008b200000, 0x000000008b300000|  0%| F|  |TAMS 0x000000008b200000, 0x000000008b200000| Untracked 
| 101|0x000000008b300000, 0x000000008b380000, 0x000000008b400000| 50%| S|CS|TAMS 0x000000008b300000, 0x000000008b300000| Complete 
| 102|0x000000008b400000, 0x000000008b500000, 0x000000008b500000|100%| S|CS|TAMS 0x000000008b400000, 0x000000008b400000| Complete 
| 103|0x000000008b500000, 0x000000008b600000, 0x000000008b600000|100%| S|CS|TAMS 0x000000008b500000, 0x000000008b500000| Complete 
| 104|0x000000008b600000, 0x000000008b700000, 0x000000008b700000|100%| S|CS|TAMS 0x000000008b600000, 0x000000008b600000| Complete 
| 105|0x000000008b700000, 0x000000008b800000, 0x000000008b800000|100%| S|CS|TAMS 0x000000008b700000, 0x000000008b700000| Complete 
| 106|0x000000008b800000, 0x000000008b900000, 0x000000008b900000|100%| S|CS|TAMS 0x000000008b800000, 0x000000008b800000| Complete 
| 107|0x000000008b900000, 0x000000008ba00000, 0x000000008ba00000|100%| S|CS|TAMS 0x000000008b900000, 0x000000008b900000| Complete 
| 108|0x000000008ba00000, 0x000000008bb00000, 0x000000008bb00000|100%| S|CS|TAMS 0x000000008ba00000, 0x000000008ba00000| Complete 
| 109|0x000000008bb00000, 0x000000008bc00000, 0x000000008bc00000|100%| S|CS|TAMS 0x000000008bb00000, 0x000000008bb00000| Complete 
| 110|0x000000008bc00000, 0x000000008bd00000, 0x000000008bd00000|100%| S|CS|TAMS 0x000000008bc00000, 0x000000008bc00000| Complete 
| 111|0x000000008bd00000, 0x000000008be00000, 0x000000008be00000|100%| S|CS|TAMS 0x000000008bd00000, 0x000000008bd00000| Complete 
| 112|0x000000008be00000, 0x000000008bf00000, 0x000000008bf00000|100%| S|CS|TAMS 0x000000008be00000, 0x000000008be00000| Complete 
| 113|0x000000008bf00000, 0x000000008c000000, 0x000000008c000000|100%| S|CS|TAMS 0x000000008bf00000, 0x000000008bf00000| Complete 
| 114|0x000000008c000000, 0x000000008c100000, 0x000000008c100000|100%| S|CS|TAMS 0x000000008c000000, 0x000000008c000000| Complete 
| 115|0x000000008c100000, 0x000000008c200000, 0x000000008c200000|100%| S|CS|TAMS 0x000000008c100000, 0x000000008c100000| Complete 
| 116|0x000000008c200000, 0x000000008c200000, 0x000000008c300000|  0%| F|  |TAMS 0x000000008c200000, 0x000000008c200000| Untracked 
| 117|0x000000008c300000, 0x000000008c300000, 0x000000008c400000|  0%| F|  |TAMS 0x000000008c300000, 0x000000008c300000| Untracked 
| 118|0x000000008c400000, 0x000000008c400000, 0x000000008c500000|  0%| F|  |TAMS 0x000000008c400000, 0x000000008c400000| Untracked 
| 119|0x000000008c500000, 0x000000008c500000, 0x000000008c600000|  0%| F|  |TAMS 0x000000008c500000, 0x000000008c500000| Untracked 
| 120|0x000000008c600000, 0x000000008c600000, 0x000000008c700000|  0%| F|  |TAMS 0x000000008c600000, 0x000000008c600000| Untracked 
| 121|0x000000008c700000, 0x000000008c700000, 0x000000008c800000|  0%| F|  |TAMS 0x000000008c700000, 0x000000008c700000| Untracked 
| 122|0x000000008c800000, 0x000000008c800000, 0x000000008c900000|  0%| F|  |TAMS 0x000000008c800000, 0x000000008c800000| Untracked 
| 123|0x000000008c900000, 0x000000008c900000, 0x000000008ca00000|  0%| F|  |TAMS 0x000000008c900000, 0x000000008c900000| Untracked 
| 124|0x000000008ca00000, 0x000000008ca00000, 0x000000008cb00000|  0%| F|  |TAMS 0x000000008ca00000, 0x000000008ca00000| Untracked 
| 125|0x000000008cb00000, 0x000000008cb00000, 0x000000008cc00000|  0%| F|  |TAMS 0x000000008cb00000, 0x000000008cb00000| Untracked 
| 126|0x000000008cc00000, 0x000000008cc00000, 0x000000008cd00000|  0%| F|  |TAMS 0x000000008cc00000, 0x000000008cc00000| Untracked 
| 127|0x000000008cd00000, 0x000000008cd00000, 0x000000008ce00000|  0%| F|  |TAMS 0x000000008cd00000, 0x000000008cd00000| Untracked 
| 128|0x000000008ce00000, 0x000000008ce00000, 0x000000008cf00000|  0%| F|  |TAMS 0x000000008ce00000, 0x000000008ce00000| Untracked 
| 129|0x000000008cf00000, 0x000000008cf00000, 0x000000008d000000|  0%| F|  |TAMS 0x000000008cf00000, 0x000000008cf00000| Untracked 
| 130|0x000000008d000000, 0x000000008d000000, 0x000000008d100000|  0%| F|  |TAMS 0x000000008d000000, 0x000000008d000000| Untracked 
| 131|0x000000008d100000, 0x000000008d100000, 0x000000008d200000|  0%| F|  |TAMS 0x000000008d100000, 0x000000008d100000| Untracked 
| 132|0x000000008d200000, 0x000000008d200000, 0x000000008d300000|  0%| F|  |TAMS 0x000000008d200000, 0x000000008d200000| Untracked 
| 133|0x000000008d300000, 0x000000008d300000, 0x000000008d400000|  0%| F|  |TAMS 0x000000008d300000, 0x000000008d300000| Untracked 
| 134|0x000000008d400000, 0x000000008d400000, 0x000000008d500000|  0%| F|  |TAMS 0x000000008d400000, 0x000000008d400000| Untracked 
| 135|0x000000008d500000, 0x000000008d500000, 0x000000008d600000|  0%| F|  |TAMS 0x000000008d500000, 0x000000008d500000| Untracked 
| 136|0x000000008d600000, 0x000000008d600000, 0x000000008d700000|  0%| F|  |TAMS 0x000000008d600000, 0x000000008d600000| Untracked 
| 137|0x000000008d700000, 0x000000008d700000, 0x000000008d800000|  0%| F|  |TAMS 0x000000008d700000, 0x000000008d700000| Untracked 
| 138|0x000000008d800000, 0x000000008d800000, 0x000000008d900000|  0%| F|  |TAMS 0x000000008d800000, 0x000000008d800000| Untracked 
| 139|0x000000008d900000, 0x000000008d900000, 0x000000008da00000|  0%| F|  |TAMS 0x000000008d900000, 0x000000008d900000| Untracked 
| 140|0x000000008da00000, 0x000000008da00000, 0x000000008db00000|  0%| F|  |TAMS 0x000000008da00000, 0x000000008da00000| Untracked 
| 141|0x000000008db00000, 0x000000008db00000, 0x000000008dc00000|  0%| F|  |TAMS 0x000000008db00000, 0x000000008db00000| Untracked 
| 142|0x000000008dc00000, 0x000000008dc00000, 0x000000008dd00000|  0%| F|  |TAMS 0x000000008dc00000, 0x000000008dc00000| Untracked 
| 143|0x000000008dd00000, 0x000000008dd00000, 0x000000008de00000|  0%| F|  |TAMS 0x000000008dd00000, 0x000000008dd00000| Untracked 
| 144|0x000000008de00000, 0x000000008de00000, 0x000000008df00000|  0%| F|  |TAMS 0x000000008de00000, 0x000000008de00000| Untracked 
| 145|0x000000008df00000, 0x000000008df00000, 0x000000008e000000|  0%| F|  |TAMS 0x000000008df00000, 0x000000008df00000| Untracked 
| 146|0x000000008e000000, 0x000000008e000000, 0x000000008e100000|  0%| F|  |TAMS 0x000000008e000000, 0x000000008e000000| Untracked 
| 147|0x000000008e100000, 0x000000008e100000, 0x000000008e200000|  0%| F|  |TAMS 0x000000008e100000, 0x000000008e100000| Untracked 
| 148|0x000000008e200000, 0x000000008e200000, 0x000000008e300000|  0%| F|  |TAMS 0x000000008e200000, 0x000000008e200000| Untracked 
| 149|0x000000008e300000, 0x000000008e300000, 0x000000008e400000|  0%| F|  |TAMS 0x000000008e300000, 0x000000008e300000| Untracked 
| 150|0x000000008e400000, 0x000000008e400000, 0x000000008e500000|  0%| F|  |TAMS 0x000000008e400000, 0x000000008e400000| Untracked 
| 151|0x000000008e500000, 0x000000008e500000, 0x000000008e600000|  0%| F|  |TAMS 0x000000008e500000, 0x000000008e500000| Untracked 
| 152|0x000000008e600000, 0x000000008e600000, 0x000000008e700000|  0%| F|  |TAMS 0x000000008e600000, 0x000000008e600000| Untracked 
| 153|0x000000008e700000, 0x000000008e700000, 0x000000008e800000|  0%| F|  |TAMS 0x000000008e700000, 0x000000008e700000| Untracked 
| 154|0x000000008e800000, 0x000000008e800000, 0x000000008e900000|  0%| F|  |TAMS 0x000000008e800000, 0x000000008e800000| Untracked 
| 155|0x000000008e900000, 0x000000008e900000, 0x000000008ea00000|  0%| F|  |TAMS 0x000000008e900000, 0x000000008e900000| Untracked 
| 156|0x000000008ea00000, 0x000000008ea00000, 0x000000008eb00000|  0%| F|  |TAMS 0x000000008ea00000, 0x000000008ea00000| Untracked 
| 157|0x000000008eb00000, 0x000000008eb00000, 0x000000008ec00000|  0%| F|  |TAMS 0x000000008eb00000, 0x000000008eb00000| Untracked 
| 158|0x000000008ec00000, 0x000000008ec00000, 0x000000008ed00000|  0%| F|  |TAMS 0x000000008ec00000, 0x000000008ec00000| Untracked 
| 159|0x000000008ed00000, 0x000000008ed00000, 0x000000008ee00000|  0%| F|  |TAMS 0x000000008ed00000, 0x000000008ed00000| Untracked 
| 160|0x000000008ee00000, 0x000000008ee00000, 0x000000008ef00000|  0%| F|  |TAMS 0x000000008ee00000, 0x000000008ee00000| Untracked 
| 161|0x000000008ef00000, 0x000000008ef00000, 0x000000008f000000|  0%| F|  |TAMS 0x000000008ef00000, 0x000000008ef00000| Untracked 
| 162|0x000000008f000000, 0x000000008f000000, 0x000000008f100000|  0%| F|  |TAMS 0x000000008f000000, 0x000000008f000000| Untracked 
| 163|0x000000008f100000, 0x000000008f100000, 0x000000008f200000|  0%| F|  |TAMS 0x000000008f100000, 0x000000008f100000| Untracked 
| 164|0x000000008f200000, 0x000000008f200000, 0x000000008f300000|  0%| F|  |TAMS 0x000000008f200000, 0x000000008f200000| Untracked 
| 165|0x000000008f300000, 0x000000008f300000, 0x000000008f400000|  0%| F|  |TAMS 0x000000008f300000, 0x000000008f300000| Untracked 
| 166|0x000000008f400000, 0x000000008f400000, 0x000000008f500000|  0%| F|  |TAMS 0x000000008f400000, 0x000000008f400000| Untracked 
| 167|0x000000008f500000, 0x000000008f500000, 0x000000008f600000|  0%| F|  |TAMS 0x000000008f500000, 0x000000008f500000| Untracked 
| 168|0x000000008f600000, 0x000000008f600000, 0x000000008f700000|  0%| F|  |TAMS 0x000000008f600000, 0x000000008f600000| Untracked 
| 169|0x000000008f700000, 0x000000008f700000, 0x000000008f800000|  0%| F|  |TAMS 0x000000008f700000, 0x000000008f700000| Untracked 
| 170|0x000000008f800000, 0x000000008f800000, 0x000000008f900000|  0%| F|  |TAMS 0x000000008f800000, 0x000000008f800000| Untracked 
| 171|0x000000008f900000, 0x000000008f900000, 0x000000008fa00000|  0%| F|  |TAMS 0x000000008f900000, 0x000000008f900000| Untracked 
| 172|0x000000008fa00000, 0x000000008fa00000, 0x000000008fb00000|  0%| F|  |TAMS 0x000000008fa00000, 0x000000008fa00000| Untracked 
| 173|0x000000008fb00000, 0x000000008fb00000, 0x000000008fc00000|  0%| F|  |TAMS 0x000000008fb00000, 0x000000008fb00000| Untracked 
| 174|0x000000008fc00000, 0x000000008fc00000, 0x000000008fd00000|  0%| F|  |TAMS 0x000000008fc00000, 0x000000008fc00000| Untracked 
| 175|0x000000008fd00000, 0x000000008fd00000, 0x000000008fe00000|  0%| F|  |TAMS 0x000000008fd00000, 0x000000008fd00000| Untracked 
| 176|0x000000008fe00000, 0x000000008fe00000, 0x000000008ff00000|  0%| F|  |TAMS 0x000000008fe00000, 0x000000008fe00000| Untracked 
| 177|0x000000008ff00000, 0x000000008ff00000, 0x0000000090000000|  0%| F|  |TAMS 0x000000008ff00000, 0x000000008ff00000| Untracked 
| 178|0x0000000090000000, 0x0000000090000000, 0x0000000090100000|  0%| F|  |TAMS 0x0000000090000000, 0x0000000090000000| Untracked 
| 179|0x0000000090100000, 0x0000000090100000, 0x0000000090200000|  0%| F|  |TAMS 0x0000000090100000, 0x0000000090100000| Untracked 
| 180|0x0000000090200000, 0x0000000090200000, 0x0000000090300000|  0%| F|  |TAMS 0x0000000090200000, 0x0000000090200000| Untracked 
| 181|0x0000000090300000, 0x0000000090300000, 0x0000000090400000|  0%| F|  |TAMS 0x0000000090300000, 0x0000000090300000| Untracked 
| 182|0x0000000090400000, 0x0000000090400000, 0x0000000090500000|  0%| F|  |TAMS 0x0000000090400000, 0x0000000090400000| Untracked 
| 183|0x0000000090500000, 0x0000000090500000, 0x0000000090600000|  0%| F|  |TAMS 0x0000000090500000, 0x0000000090500000| Untracked 
| 184|0x0000000090600000, 0x0000000090600000, 0x0000000090700000|  0%| F|  |TAMS 0x0000000090600000, 0x0000000090600000| Untracked 
| 185|0x0000000090700000, 0x0000000090700000, 0x0000000090800000|  0%| F|  |TAMS 0x0000000090700000, 0x0000000090700000| Untracked 
| 186|0x0000000090800000, 0x0000000090800000, 0x0000000090900000|  0%| F|  |TAMS 0x0000000090800000, 0x0000000090800000| Untracked 
| 187|0x0000000090900000, 0x0000000090900000, 0x0000000090a00000|  0%| F|  |TAMS 0x0000000090900000, 0x0000000090900000| Untracked 
| 188|0x0000000090a00000, 0x0000000090a00000, 0x0000000090b00000|  0%| F|  |TAMS 0x0000000090a00000, 0x0000000090a00000| Untracked 
| 189|0x0000000090b00000, 0x0000000090b00000, 0x0000000090c00000|  0%| F|  |TAMS 0x0000000090b00000, 0x0000000090b00000| Untracked 
| 190|0x0000000090c00000, 0x0000000090c00000, 0x0000000090d00000|  0%| F|  |TAMS 0x0000000090c00000, 0x0000000090c00000| Untracked 
| 191|0x0000000090d00000, 0x0000000090d00000, 0x0000000090e00000|  0%| F|  |TAMS 0x0000000090d00000, 0x0000000090d00000| Untracked 
| 192|0x0000000090e00000, 0x0000000090e00000, 0x0000000090f00000|  0%| F|  |TAMS 0x0000000090e00000, 0x0000000090e00000| Untracked 
| 193|0x0000000090f00000, 0x0000000090f00000, 0x0000000091000000|  0%| F|  |TAMS 0x0000000090f00000, 0x0000000090f00000| Untracked 
| 194|0x0000000091000000, 0x0000000091000000, 0x0000000091100000|  0%| F|  |TAMS 0x0000000091000000, 0x0000000091000000| Untracked 
| 195|0x0000000091100000, 0x0000000091100000, 0x0000000091200000|  0%| F|  |TAMS 0x0000000091100000, 0x0000000091100000| Untracked 
| 196|0x0000000091200000, 0x0000000091200000, 0x0000000091300000|  0%| F|  |TAMS 0x0000000091200000, 0x0000000091200000| Untracked 
| 197|0x0000000091300000, 0x0000000091300000, 0x0000000091400000|  0%| F|  |TAMS 0x0000000091300000, 0x0000000091300000| Untracked 
| 198|0x0000000091400000, 0x0000000091400000, 0x0000000091500000|  0%| F|  |TAMS 0x0000000091400000, 0x0000000091400000| Untracked 
| 199|0x0000000091500000, 0x0000000091500000, 0x0000000091600000|  0%| F|  |TAMS 0x0000000091500000, 0x0000000091500000| Untracked 
| 200|0x0000000091600000, 0x0000000091600000, 0x0000000091700000|  0%| F|  |TAMS 0x0000000091600000, 0x0000000091600000| Untracked 
| 201|0x0000000091700000, 0x0000000091800000, 0x0000000091800000|100%| E|  |TAMS 0x0000000091700000, 0x0000000091700000| Complete 
| 202|0x0000000091800000, 0x0000000091900000, 0x0000000091900000|100%| E|CS|TAMS 0x0000000091800000, 0x0000000091800000| Complete 
| 203|0x0000000091900000, 0x0000000091a00000, 0x0000000091a00000|100%| E|CS|TAMS 0x0000000091900000, 0x0000000091900000| Complete 
| 204|0x0000000091a00000, 0x0000000091b00000, 0x0000000091b00000|100%| E|CS|TAMS 0x0000000091a00000, 0x0000000091a00000| Complete 
| 205|0x0000000091b00000, 0x0000000091c00000, 0x0000000091c00000|100%| E|CS|TAMS 0x0000000091b00000, 0x0000000091b00000| Complete 
| 206|0x0000000091c00000, 0x0000000091d00000, 0x0000000091d00000|100%| E|CS|TAMS 0x0000000091c00000, 0x0000000091c00000| Complete 
| 207|0x0000000091d00000, 0x0000000091e00000, 0x0000000091e00000|100%| E|CS|TAMS 0x0000000091d00000, 0x0000000091d00000| Complete 
| 208|0x0000000091e00000, 0x0000000091f00000, 0x0000000091f00000|100%| E|CS|TAMS 0x0000000091e00000, 0x0000000091e00000| Complete 
| 209|0x0000000091f00000, 0x0000000092000000, 0x0000000092000000|100%| E|CS|TAMS 0x0000000091f00000, 0x0000000091f00000| Complete 
| 210|0x0000000092000000, 0x0000000092100000, 0x0000000092100000|100%| E|CS|TAMS 0x0000000092000000, 0x0000000092000000| Complete 
| 211|0x0000000092100000, 0x0000000092200000, 0x0000000092200000|100%| E|CS|TAMS 0x0000000092100000, 0x0000000092100000| Complete 
| 212|0x0000000092200000, 0x0000000092300000, 0x0000000092300000|100%| E|CS|TAMS 0x0000000092200000, 0x0000000092200000| Complete 
| 213|0x0000000092300000, 0x0000000092400000, 0x0000000092400000|100%| E|CS|TAMS 0x0000000092300000, 0x0000000092300000| Complete 
| 214|0x0000000092400000, 0x0000000092500000, 0x0000000092500000|100%| E|CS|TAMS 0x0000000092400000, 0x0000000092400000| Complete 
| 215|0x0000000092500000, 0x0000000092600000, 0x0000000092600000|100%| E|CS|TAMS 0x0000000092500000, 0x0000000092500000| Complete 
| 216|0x0000000092600000, 0x0000000092700000, 0x0000000092700000|100%| E|CS|TAMS 0x0000000092600000, 0x0000000092600000| Complete 
| 217|0x0000000092700000, 0x0000000092800000, 0x0000000092800000|100%| E|CS|TAMS 0x0000000092700000, 0x0000000092700000| Complete 
| 218|0x0000000092800000, 0x0000000092900000, 0x0000000092900000|100%| E|CS|TAMS 0x0000000092800000, 0x0000000092800000| Complete 
| 219|0x0000000092900000, 0x0000000092a00000, 0x0000000092a00000|100%| E|CS|TAMS 0x0000000092900000, 0x0000000092900000| Complete 
| 220|0x0000000092a00000, 0x0000000092b00000, 0x0000000092b00000|100%| E|CS|TAMS 0x0000000092a00000, 0x0000000092a00000| Complete 
| 221|0x0000000092b00000, 0x0000000092c00000, 0x0000000092c00000|100%| E|CS|TAMS 0x0000000092b00000, 0x0000000092b00000| Complete 
| 222|0x0000000092c00000, 0x0000000092d00000, 0x0000000092d00000|100%| E|CS|TAMS 0x0000000092c00000, 0x0000000092c00000| Complete 
| 223|0x0000000092d00000, 0x0000000092e00000, 0x0000000092e00000|100%| E|CS|TAMS 0x0000000092d00000, 0x0000000092d00000| Complete 
| 224|0x0000000092e00000, 0x0000000092f00000, 0x0000000092f00000|100%| E|CS|TAMS 0x0000000092e00000, 0x0000000092e00000| Complete 
| 225|0x0000000092f00000, 0x0000000093000000, 0x0000000093000000|100%| E|CS|TAMS 0x0000000092f00000, 0x0000000092f00000| Complete 
| 226|0x0000000093000000, 0x0000000093100000, 0x0000000093100000|100%| E|CS|TAMS 0x0000000093000000, 0x0000000093000000| Complete 
| 227|0x0000000093100000, 0x0000000093200000, 0x0000000093200000|100%| E|CS|TAMS 0x0000000093100000, 0x0000000093100000| Complete 
| 228|0x0000000093200000, 0x0000000093300000, 0x0000000093300000|100%| E|CS|TAMS 0x0000000093200000, 0x0000000093200000| Complete 

Card table byte_map: [0x000001fd356b0000,0x000001fd35a90000] _byte_map_base: 0x000001fd35289000

Marking Bits (Prev, Next): (CMBitMap*) 0x000001fd1c366dd0, (CMBitMap*) 0x000001fd1c366e10
 Prev Bits: [0x000001fd35e70000, 0x000001fd37d38000)
 Next Bits: [0x000001fd37d40000, 0x000001fd39c08000)

Polling page: 0x000001fd1c3d0000

Metaspace:

Usage:
  Non-class:     16.75 MB used.
      Class:      2.08 MB used.
       Both:     18.84 MB used.

Virtual space:
  Non-class space:       64.00 MB reserved,      16.94 MB ( 26%) committed,  1 nodes.
      Class space:        1.00 GB reserved,       2.25 MB ( <1%) committed,  1 nodes.
             Both:        1.06 GB reserved,      19.19 MB (  2%) committed. 

Chunk freelists:
   Non-Class:  14.41 MB
       Class:  13.66 MB
        Both:  28.06 MB

MaxMetaspaceSize: unlimited
CompressedClassSpaceSize: 1.00 GB
Initial GC threshold: 21.00 MB
Current GC threshold: 21.00 MB
CDS: on
MetaspaceReclaimPolicy: balanced
 - commit_granule_bytes: 65536.
 - commit_granule_words: 8192.
 - virtual_space_node_default_size: 8388608.
 - enlarge_chunks_in_place: 1.
 - new_chunks_are_fully_committed: 0.
 - uncommit_free_chunks: 1.
 - use_allocation_guard: 0.
 - handle_deallocations: 1.


Internal statistics:

num_allocs_failed_limit: 0.
num_arena_births: 288.
num_arena_deaths: 0.
num_vsnodes_births: 2.
num_vsnodes_deaths: 0.
num_space_committed: 307.
num_space_uncommitted: 0.
num_chunks_returned_to_freelist: 0.
num_chunks_taken_from_freelist: 876.
num_chunk_merges: 0.
num_chunk_splits: 548.
num_chunks_enlarged: 352.
num_inconsistent_stats: 0.

CodeHeap 'non-profiled nmethods': size=120000Kb used=2316Kb max_used=2604Kb free=117683Kb
 bounds [0x000001fd2d110000, 0x000001fd2d3a0000, 0x000001fd34640000]
CodeHeap 'profiled nmethods': size=120000Kb used=7613Kb max_used=10347Kb free=112386Kb
 bounds [0x000001fd25640000, 0x000001fd26060000, 0x000001fd2cb70000]
CodeHeap 'non-nmethods': size=5760Kb used=1220Kb max_used=1294Kb free=4540Kb
 bounds [0x000001fd2cb70000, 0x000001fd2cde0000, 0x000001fd2d110000]
 total_blobs=4598 nmethods=4073 adapters=436
 compilation: enabled
              stopped_count=0, restarted_count=0
 full_count=0

Compilation events (20 events):
Event: 6.664 Thread 0x000001fd3c8f1f10 nmethod 4618 0x000001fd2d14f210 code [0x000001fd2d14f3a0, 0x000001fd2d14f458]
Event: 6.664 Thread 0x000001fd3c8f1f10 4640       4       java.util.ArrayList::spliterator (12 bytes)
Event: 6.666 Thread 0x000001fd3c8f1f10 nmethod 4640 0x000001fd2d11c010 code [0x000001fd2d11c1a0, 0x000001fd2d11c298]
Event: 6.666 Thread 0x000001fd3c8f1f10 5051       4       java.util.ArrayList::<init> (63 bytes)
Event: 6.672 Thread 0x000001fd3c8f1f10 nmethod 5051 0x000001fd2d153510 code [0x000001fd2d1536a0, 0x000001fd2d153ab8]
Event: 6.672 Thread 0x000001fd3c8f1f10 4649       4       java.util.ArrayList$ArrayListSpliterator::estimateSize (11 bytes)
Event: 6.673 Thread 0x000001fd3c8f1f10 nmethod 4649 0x000001fd2d166610 code [0x000001fd2d166780, 0x000001fd2d166838]
Event: 6.673 Thread 0x000001fd3c8f1f10 4635       4       java.util.Objects::nonNull (10 bytes)
Event: 6.674 Thread 0x000001fd3c8f1f10 nmethod 4635 0x000001fd2d1d8d90 code [0x000001fd2d1d8f00, 0x000001fd2d1d8f58]
Event: 6.674 Thread 0x000001fd3c8f1f10 5138       4       org.mule.maven.client.internal.ApiDependencyGraphTransformer::isApi (37 bytes)
Event: 6.675 Thread 0x000001fd3c8f48e0 5254       2       java.nio.HeapCharBuffer::<init> (21 bytes)
Event: 6.676 Thread 0x000001fd3c8f1f10 nmethod 5138 0x000001fd2d11d090 code [0x000001fd2d11d220, 0x000001fd2d11d308]
Event: 6.676 Thread 0x000001fd3c8f48e0 nmethod 5254 0x000001fd25931d10 code [0x000001fd25931ea0, 0x000001fd259320a8]
Event: 6.676 Thread 0x000001fd3c8f1f10 5101       4       org.eclipse.aether.artifact.AbstractArtifact::equals (139 bytes)
Event: 6.676 Thread 0x000001fd3c8f48e0 5255       2       java.nio.charset.CharsetDecoder::flush (49 bytes)
Event: 6.676 Thread 0x000001fd3c8f48e0 nmethod 5255 0x000001fd25ab3c10 code [0x000001fd25ab3dc0, 0x000001fd25ab3f88]
Event: 6.686 Thread 0x000001fd3c8f1f10 nmethod 5101 0x000001fd2d125510 code [0x000001fd2d1256c0, 0x000001fd2d125ee8]
Event: 6.686 Thread 0x000001fd3c8f1f10 4650       4       java.util.Collections$UnmodifiableCollection::stream (10 bytes)
Event: 7.294 Thread 0x000001fd3c8f48e0 5256       2       java.lang.Object::wait (58 bytes)
Event: 7.297 Thread 0x000001fd3c8f48e0 nmethod 5256 0x000001fd257ea310 code [0x000001fd257ea4e0, 0x000001fd257ea7c8]

GC Heap History (20 events):
Event: 0.752 GC heap before
{Heap before GC invocations=0 (full 0):
 garbage-first heap   total 126976K, used 23552K [0x0000000084e00000, 0x0000000100000000)
  region size 1024K, 23 young (23552K), 0 survivors (0K)
 Metaspace       used 2655K, committed 2816K, reserved 1114112K
  class space    used 275K, committed 384K, reserved 1048576K
}
Event: 0.758 GC heap after
{Heap after GC invocations=1 (full 0):
 garbage-first heap   total 126976K, used 2528K [0x0000000084e00000, 0x0000000100000000)
  region size 1024K, 3 young (3072K), 3 survivors (3072K)
 Metaspace       used 2655K, committed 2816K, reserved 1114112K
  class space    used 275K, committed 384K, reserved 1048576K
}
Event: 2.253 GC heap before
{Heap before GC invocations=1 (full 0):
 garbage-first heap   total 126976K, used 38368K [0x0000000084e00000, 0x0000000100000000)
  region size 1024K, 37 young (37888K), 3 survivors (3072K)
 Metaspace       used 13318K, committed 13632K, reserved 1114112K
  class space    used 1581K, committed 1728K, reserved 1048576K
}
Event: 2.266 GC heap after
{Heap after GC invocations=2 (full 0):
 garbage-first heap   total 126976K, used 8868K [0x0000000084e00000, 0x0000000100000000)
  region size 1024K, 5 young (5120K), 5 survivors (5120K)
 Metaspace       used 13318K, committed 13632K, reserved 1114112K
  class space    used 1581K, committed 1728K, reserved 1048576K
}
Event: 2.865 GC heap before
{Heap before GC invocations=2 (full 0):
 garbage-first heap   total 126976K, used 50852K [0x0000000084e00000, 0x0000000100000000)
  region size 1024K, 46 young (47104K), 5 survivors (5120K)
 Metaspace       used 16477K, committed 16832K, reserved 1114112K
  class space    used 1962K, committed 2112K, reserved 1048576K
}
Event: 2.881 GC heap after
{Heap after GC invocations=3 (full 0):
 garbage-first heap   total 126976K, used 14870K [0x0000000084e00000, 0x0000000100000000)
  region size 1024K, 6 young (6144K), 6 survivors (6144K)
 Metaspace       used 16477K, committed 16832K, reserved 1114112K
  class space    used 1962K, committed 2112K, reserved 1048576K
}
Event: 3.123 GC heap before
{Heap before GC invocations=3 (full 0):
 garbage-first heap   total 126976K, used 84502K [0x0000000084e00000, 0x0000000100000000)
  region size 1024K, 74 young (75776K), 6 survivors (6144K)
 Metaspace       used 16740K, committed 17088K, reserved 1114112K
  class space    used 1967K, committed 2112K, reserved 1048576K
}
Event: 3.145 GC heap after
{Heap after GC invocations=4 (full 0):
 garbage-first heap   total 126976K, used 23349K [0x0000000084e00000, 0x0000000100000000)
  region size 1024K, 10 young (10240K), 10 survivors (10240K)
 Metaspace       used 16740K, committed 17088K, reserved 1114112K
  class space    used 1967K, committed 2112K, reserved 1048576K
}
Event: 3.360 GC heap before
{Heap before GC invocations=4 (full 0):
 garbage-first heap   total 126976K, used 83765K [0x0000000084e00000, 0x0000000100000000)
  region size 1024K, 70 young (71680K), 10 survivors (10240K)
 Metaspace       used 16918K, committed 17216K, reserved 1114112K
  class space    used 1971K, committed 2112K, reserved 1048576K
}
Event: 3.378 GC heap after
{Heap after GC invocations=5 (full 0):
 garbage-first heap   total 126976K, used 30593K [0x0000000084e00000, 0x0000000100000000)
  region size 1024K, 9 young (9216K), 9 survivors (9216K)
 Metaspace       used 16918K, committed 17216K, reserved 1114112K
  class space    used 1971K, committed 2112K, reserved 1048576K
}
Event: 3.568 GC heap before
{Heap before GC invocations=5 (full 0):
 garbage-first heap   total 126976K, used 87937K [0x0000000084e00000, 0x0000000100000000)
  region size 1024K, 65 young (66560K), 9 survivors (9216K)
 Metaspace       used 17052K, committed 17408K, reserved 1114112K
  class space    used 1972K, committed 2112K, reserved 1048576K
}
Event: 3.592 GC heap after
{Heap after GC invocations=6 (full 0):
 garbage-first heap   total 126976K, used 37376K [0x0000000084e00000, 0x0000000100000000)
  region size 1024K, 7 young (7168K), 7 survivors (7168K)
 Metaspace       used 17052K, committed 17408K, reserved 1114112K
  class space    used 1972K, committed 2112K, reserved 1048576K
}
Event: 3.929 GC heap before
{Heap before GC invocations=6 (full 0):
 garbage-first heap   total 126976K, used 90624K [0x0000000084e00000, 0x0000000100000000)
  region size 1024K, 60 young (61440K), 7 survivors (7168K)
 Metaspace       used 17391K, committed 17728K, reserved 1114112K
  class space    used 1998K, committed 2176K, reserved 1048576K
}
Event: 3.944 GC heap after
{Heap after GC invocations=7 (full 0):
 garbage-first heap   total 234496K, used 41472K [0x0000000084e00000, 0x0000000100000000)
  region size 1024K, 5 young (5120K), 5 survivors (5120K)
 Metaspace       used 17391K, committed 17728K, reserved 1114112K
  class space    used 1998K, committed 2176K, reserved 1048576K
}
Event: 5.230 GC heap before
{Heap before GC invocations=7 (full 0):
 garbage-first heap   total 234496K, used 185856K [0x0000000084e00000, 0x0000000100000000)
  region size 1024K, 137 young (140288K), 5 survivors (5120K)
 Metaspace       used 18253K, committed 18624K, reserved 1114112K
  class space    used 2054K, committed 2240K, reserved 1048576K
}
Event: 5.244 GC heap after
{Heap after GC invocations=8 (full 0):
 garbage-first heap   total 234496K, used 45247K [0x0000000084e00000, 0x0000000100000000)
  region size 1024K, 9 young (9216K), 9 survivors (9216K)
 Metaspace       used 18253K, committed 18624K, reserved 1114112K
  class space    used 2054K, committed 2240K, reserved 1048576K
}
Event: 6.004 GC heap before
{Heap before GC invocations=8 (full 0):
 garbage-first heap   total 234496K, used 181439K [0x0000000084e00000, 0x0000000100000000)
  region size 1024K, 137 young (140288K), 9 survivors (9216K)
 Metaspace       used 18819K, committed 19200K, reserved 1114112K
  class space    used 2095K, committed 2240K, reserved 1048576K
}
Event: 6.021 GC heap after
{Heap after GC invocations=9 (full 0):
 garbage-first heap   total 234496K, used 64709K [0x0000000084e00000, 0x0000000100000000)
  region size 1024K, 18 young (18432K), 18 survivors (18432K)
 Metaspace       used 18819K, committed 19200K, reserved 1114112K
  class space    used 2095K, committed 2240K, reserved 1048576K
}
Event: 6.256 GC heap before
{Heap before GC invocations=9 (full 0):
 garbage-first heap   total 234496K, used 180421K [0x0000000084e00000, 0x0000000100000000)
  region size 1024K, 131 young (134144K), 18 survivors (18432K)
 Metaspace       used 18897K, committed 19200K, reserved 1114112K
  class space    used 2096K, committed 2240K, reserved 1048576K
}
Event: 6.278 GC heap after
{Heap after GC invocations=10 (full 0):
 garbage-first heap   total 234496K, used 80051K [0x0000000084e00000, 0x0000000100000000)
  region size 1024K, 15 young (15360K), 15 survivors (15360K)
 Metaspace       used 18897K, committed 19200K, reserved 1114112K
  class space    used 2096K, committed 2240K, reserved 1048576K
}

Dll operation events (9 events):
Event: 0.012 Loaded shared library C:\Users\Mr T\Downloads\AnypointStudio\plugins\org.mule.tooling.jdk.win32.x86_64_1.4.1\bin\java.dll
Event: 0.033 Loaded shared library C:\Users\Mr T\Downloads\AnypointStudio\plugins\org.mule.tooling.jdk.win32.x86_64_1.4.1\bin\jsvml.dll
Event: 0.081 Loaded shared library C:\Users\Mr T\Downloads\AnypointStudio\plugins\org.mule.tooling.jdk.win32.x86_64_1.4.1\bin\net.dll
Event: 0.090 Loaded shared library C:\Users\Mr T\Downloads\AnypointStudio\plugins\org.mule.tooling.jdk.win32.x86_64_1.4.1\bin\nio.dll
Event: 0.130 Loaded shared library C:\Users\Mr T\Downloads\AnypointStudio\plugins\org.mule.tooling.jdk.win32.x86_64_1.4.1\bin\zip.dll
Event: 0.652 Loaded shared library C:\Users\Mr T\Downloads\AnypointStudio\plugins\org.mule.tooling.jdk.win32.x86_64_1.4.1\bin\jimage.dll
Event: 1.126 Loaded shared library C:\Users\Mr T\Downloads\AnypointStudio\plugins\org.mule.tooling.jdk.win32.x86_64_1.4.1\bin\management.dll
Event: 1.131 Loaded shared library C:\Users\Mr T\Downloads\AnypointStudio\plugins\org.mule.tooling.jdk.win32.x86_64_1.4.1\bin\management_ext.dll
Event: 1.990 Loaded shared library C:\Users\Mr T\Downloads\AnypointStudio\plugins\org.mule.tooling.jdk.win32.x86_64_1.4.1\bin\verify.dll

Deoptimization events (20 events):
Event: 6.322 Thread 0x000001fd7f47c950 DEOPT PACKING pc=0x000001fd25f341d1 sp=0x000000acd21fe560
Event: 6.322 Thread 0x000001fd7f47c950 DEOPT UNPACKING pc=0x000001fd2cbc7143 sp=0x000000acd21fd9c0 mode 0
Event: 6.326 Thread 0x000001fd7f47a5e0 DEOPT PACKING pc=0x000001fd25a7a9ca sp=0x000000acd24fe750
Event: 6.326 Thread 0x000001fd7f47a5e0 DEOPT UNPACKING pc=0x000001fd2cbc7143 sp=0x000000acd24fdbf8 mode 0
Event: 6.421 Thread 0x000001fd1c308800 DEOPT PACKING pc=0x000001fd25f161b4 sp=0x000000accfdfdb30
Event: 6.421 Thread 0x000001fd1c308800 DEOPT UNPACKING pc=0x000001fd2cbc7143 sp=0x000000accfdfd0b0 mode 0
Event: 6.460 Thread 0x000001fd1c308800 DEOPT PACKING pc=0x000001fd25a7a9ca sp=0x000000accfdfe160
Event: 6.460 Thread 0x000001fd1c308800 DEOPT UNPACKING pc=0x000001fd2cbc7143 sp=0x000000accfdfd608 mode 0
Event: 6.486 Thread 0x000001fd1c308800 DEOPT PACKING pc=0x000001fd25f161b4 sp=0x000000accfdfdb30
Event: 6.486 Thread 0x000001fd1c308800 DEOPT UNPACKING pc=0x000001fd2cbc7143 sp=0x000000accfdfd0b0 mode 0
Event: 6.558 Thread 0x000001fd1c308800 DEOPT PACKING pc=0x000001fd25b033db sp=0x000000accfdfde10
Event: 6.558 Thread 0x000001fd1c308800 DEOPT UNPACKING pc=0x000001fd2cbc7143 sp=0x000000accfdfd2f0 mode 0
Event: 6.581 Thread 0x000001fd1c308800 DEOPT PACKING pc=0x000001fd25a7a9ca sp=0x000000accfdfc8f0
Event: 6.581 Thread 0x000001fd1c308800 DEOPT UNPACKING pc=0x000001fd2cbc7143 sp=0x000000accfdfbd98 mode 0
Event: 6.619 Thread 0x000001fd1c308800 DEOPT PACKING pc=0x000001fd25b7b851 sp=0x000000accfdfde10
Event: 6.619 Thread 0x000001fd1c308800 DEOPT UNPACKING pc=0x000001fd2cbc7143 sp=0x000000accfdfd330 mode 0
Event: 6.629 Thread 0x000001fd1c308800 DEOPT PACKING pc=0x000001fd25f161b4 sp=0x000000accfdf9cd0
Event: 6.629 Thread 0x000001fd1c308800 DEOPT UNPACKING pc=0x000001fd2cbc7143 sp=0x000000accfdf9250 mode 0
Event: 6.658 Thread 0x000001fd1c308800 DEOPT PACKING pc=0x000001fd25b53849 sp=0x000000accfdfbc80
Event: 6.658 Thread 0x000001fd1c308800 DEOPT UNPACKING pc=0x000001fd2cbc7143 sp=0x000000accfdfb150 mode 0

Classes loaded (20 events):
Event: 6.647 Loading class java/io/ObjectInputStream$HandleTable
Event: 6.648 Loading class java/io/ObjectInputStream$HandleTable done
Event: 6.648 Loading class java/io/ObjectInputStream$HandleTable$HandleList
Event: 6.648 Loading class java/io/ObjectInputStream$HandleTable$HandleList done
Event: 6.648 Loading class java/io/ObjectInputStream$ValidationList
Event: 6.648 Loading class java/io/ObjectInputStream$ValidationList done
Event: 6.648 Loading class java/io/ObjectInputFilter$Config
Event: 6.649 Loading class java/io/ObjectInputFilter$Config done
Event: 6.651 Loading class java/io/ObjectInputFilter$Config$BuiltinFilterFactory
Event: 6.651 Loading class java/io/ObjectInputFilter$Config$BuiltinFilterFactory done
Event: 6.651 Loading class jdk/internal/access/JavaObjectInputFilterAccess
Event: 6.652 Loading class jdk/internal/access/JavaObjectInputFilterAccess done
Event: 6.653 Loading class jdk/internal/event/DeserializationEvent
Event: 6.653 Loading class jdk/internal/event/Event
Event: 6.654 Loading class jdk/internal/event/Event done
Event: 6.654 Loading class jdk/internal/event/DeserializationEvent done
Event: 6.655 Loading class java/io/ObjectInputStream$FieldValues
Event: 6.655 Loading class java/io/ObjectInputStream$FieldValues done
Event: 6.661 Loading class java/util/concurrent/Executors$RunnableAdapter
Event: 6.666 Loading class java/util/concurrent/Executors$RunnableAdapter done

Classes unloaded (0 events):
No events

Classes redefined (0 events):
No events

Internal exceptions (20 events):
Event: 2.419 Thread 0x000001fd1c308800 Exception <a 'java/lang/NoSuchMethodError'{0x000000008c087a30}: 'void java.lang.invoke.DirectMethodHandle$Holder.invokeSpecial(java.lang.Object, java.lang.Object, java.lang.Object, java.lang.Object, java.lang.Object, java.lang.Object)'> (0x000000008c087a30) 
thrown [s\src\hotspot\share\interpreter\linkResolver.cpp, line 759]
Event: 2.726 Thread 0x000001fd7f4d6910 Exception <a 'java/lang/NoSuchMethodError'{0x000000008b718798}: 'java.lang.Object java.lang.invoke.DirectMethodHandle$Holder.newInvokeSpecial(java.lang.Object, java.lang.Object, java.lang.Object, java.lang.Object, java.lang.Object, java.lang.Object, java.lang.Object)'> (0x000000008b718798) 
thrown [s\src\hotspot\share\interpreter\linkResolver.cpp, line 759]
Event: 2.727 Thread 0x000001fd7f4d6910 Exception <a 'java/lang/NoSuchMethodError'{0x000000008b71c9c8}: 'java.lang.Object java.lang.invoke.Invokers$Holder.linkToTargetMethod(java.lang.Object, java.lang.Object, java.lang.Object, java.lang.Object, java.lang.Object, java.lang.Object, java.lang.Object)'> (0x000000008b71c9c8) 
thrown [s\src\hotspot\share\interpreter\linkResolver.cpp, line 759]
Event: 3.866 Thread 0x000001fd1c308800 Implicit null exception at 0x000001fd2d2282c0 to 0x000001fd2d2285da
Event: 3.867 Thread 0x000001fd1c308800 Implicit null exception at 0x000001fd2d2201bc to 0x000001fd2d2204d6
Event: 4.265 Thread 0x000001fd1c308800 Exception <a 'java/lang/NoSuchMethodError'{0x0000000092b60310}: 'void java.lang.invoke.DirectMethodHandle$Holder.invokeInterface(java.lang.Object, java.lang.Object, java.lang.Object)'> (0x0000000092b60310) 
thrown [s\src\hotspot\share\interpreter\linkResolver.cpp, line 759]
Event: 4.309 Thread 0x000001fd1c308800 Exception <a 'java/lang/NoSuchMethodError'{0x0000000092a5b560}: 'java.lang.Object java.lang.invoke.DirectMethodHandle$Holder.invokeStaticInit(java.lang.Object, java.lang.Object, java.lang.Object, java.lang.Object)'> (0x0000000092a5b560) 
thrown [s\src\hotspot\share\interpreter\linkResolver.cpp, line 759]
Event: 4.883 Thread 0x000001fd1c308800 Exception <a 'java/lang/IncompatibleClassChangeError'{0x000000008f63aa00}: Found class java.lang.Object, but interface was expected> (0x000000008f63aa00) 
thrown [s\src\hotspot\share\interpreter\linkResolver.cpp, line 826]
Event: 5.786 Thread 0x000001fd1c308800 Exception <a 'java/net/SocketException'{0x000000008f0d3948}: Socket is not connected: shutdown> (0x000000008f0d3948) 
thrown [s\src\hotspot\share\prims\jni.cpp, line 535]
Event: 5.861 Thread 0x000001fd1c308800 Exception <a 'java/lang/ArrayIndexOutOfBoundsException'{0x000000008e8cb450}: Index 1 out of bounds for length 1> (0x000000008e8cb450) 
thrown [s\src\hotspot\share\interpreter\interpreterRuntime.cpp, line 428]
Event: 5.861 Thread 0x000001fd1c308800 Exception <a 'java/lang/ArrayIndexOutOfBoundsException'{0x000000008e8cb770}: Index 2 out of bounds for length 1> (0x000000008e8cb770) 
thrown [s\src\hotspot\share\interpreter\interpreterRuntime.cpp, line 428]
Event: 5.861 Thread 0x000001fd1c308800 Exception <a 'java/lang/ArrayIndexOutOfBoundsException'{0x000000008e8cbaa0}: Index 1 out of bounds for length 1> (0x000000008e8cbaa0) 
thrown [s\src\hotspot\share\interpreter\interpreterRuntime.cpp, line 428]
Event: 5.861 Thread 0x000001fd1c308800 Exception <a 'java/lang/ArrayIndexOutOfBoundsException'{0x000000008e8cc030}: Index 1 out of bounds for length 1> (0x000000008e8cc030) 
thrown [s\src\hotspot\share\interpreter\interpreterRuntime.cpp, line 428]
Event: 5.862 Thread 0x000001fd1c308800 Exception <a 'java/lang/ArrayIndexOutOfBoundsException'{0x000000008e8cfd90}: Index 1 out of bounds for length 1> (0x000000008e8cfd90) 
thrown [s\src\hotspot\share\interpreter\interpreterRuntime.cpp, line 428]
Event: 5.862 Thread 0x000001fd1c308800 Exception <a 'java/lang/ArrayIndexOutOfBoundsException'{0x000000008e8d00b0}: Index 2 out of bounds for length 1> (0x000000008e8d00b0) 
thrown [s\src\hotspot\share\interpreter\interpreterRuntime.cpp, line 428]
Event: 5.862 Thread 0x000001fd1c308800 Exception <a 'java/lang/ArrayIndexOutOfBoundsException'{0x000000008e8d03e0}: Index 1 out of bounds for length 1> (0x000000008e8d03e0) 
thrown [s\src\hotspot\share\interpreter\interpreterRuntime.cpp, line 428]
Event: 5.862 Thread 0x000001fd1c308800 Exception <a 'java/lang/ArrayIndexOutOfBoundsException'{0x000000008e8d0970}: Index 1 out of bounds for length 1> (0x000000008e8d0970) 
thrown [s\src\hotspot\share\interpreter\interpreterRuntime.cpp, line 428]
Event: 5.862 Thread 0x000001fd1c308800 Exception <a 'java/lang/ArrayIndexOutOfBoundsException'{0x000000008e8d0e80}: Index 1 out of bounds for length 1> (0x000000008e8d0e80) 
thrown [s\src\hotspot\share\interpreter\interpreterRuntime.cpp, line 428]
Event: 5.862 Thread 0x000001fd1c308800 Exception <a 'java/lang/ArrayIndexOutOfBoundsException'{0x000000008e8d1410}: Index 1 out of bounds for length 1> (0x000000008e8d1410) 
thrown [s\src\hotspot\share\interpreter\interpreterRuntime.cpp, line 428]
Event: 6.644 Thread 0x000001fd1c308800 Exception <a 'java/lang/NoSuchMethodError'{0x00000000918f9338}: 'void java.lang.invoke.DirectMethodHandle$Holder.invokeSpecial(java.lang.Object, java.lang.Object, java.lang.Object, int)'> (0x00000000918f9338) 
thrown [s\src\hotspot\share\interpreter\linkResolver.cpp, line 759]

VM Operations (20 events):
Event: 5.601 Executing VM operation: HandshakeAllThreads
Event: 5.601 Executing VM operation: HandshakeAllThreads done
Event: 5.660 Executing VM operation: ICBufferFull
Event: 5.661 Executing VM operation: ICBufferFull done
Event: 5.865 Executing VM operation: HandshakeAllThreads
Event: 5.865 Executing VM operation: HandshakeAllThreads done
Event: 5.895 Executing VM operation: ICBufferFull
Event: 5.895 Executing VM operation: ICBufferFull done
Event: 6.004 Executing VM operation: G1CollectForAllocation
Event: 6.021 Executing VM operation: G1CollectForAllocation done
Event: 6.256 Executing VM operation: G1CollectForAllocation
Event: 6.279 Executing VM operation: G1CollectForAllocation done
Event: 6.481 Executing VM operation: HandshakeAllThreads
Event: 6.482 Executing VM operation: HandshakeAllThreads done
Event: 6.535 Executing VM operation: HandshakeAllThreads
Event: 6.535 Executing VM operation: HandshakeAllThreads done
Event: 6.571 Executing VM operation: HandshakeAllThreads
Event: 6.571 Executing VM operation: HandshakeAllThreads done
Event: 7.572 Executing VM operation: Cleanup
Event: 7.572 Executing VM operation: Cleanup done

Events (20 events):
Event: 6.598 Thread 0x000001fd3c8f86f0 flushing nmethod 0x000001fd25d93e10
Event: 6.598 Thread 0x000001fd3c8f86f0 flushing nmethod 0x000001fd25d9fd90
Event: 6.600 Thread 0x000001fd3c8f86f0 flushing nmethod 0x000001fd25ddba90
Event: 6.600 Thread 0x000001fd3c8f86f0 flushing nmethod 0x000001fd25dded10
Event: 6.600 Thread 0x000001fd3c8f86f0 flushing nmethod 0x000001fd25de0010
Event: 6.601 Thread 0x000001fd3c8f86f0 flushing nmethod 0x000001fd25e1f390
Event: 6.601 Thread 0x000001fd3c8f86f0 flushing nmethod 0x000001fd25e29310
Event: 6.602 Thread 0x000001fd3c8f86f0 flushing nmethod 0x000001fd25e3dc90
Event: 6.602 Thread 0x000001fd3c8f86f0 flushing nmethod 0x000001fd25e61190
Event: 6.602 Thread 0x000001fd3c8f86f0 flushing nmethod 0x000001fd25e62190
Event: 6.602 Thread 0x000001fd3c8f86f0 flushing nmethod 0x000001fd25e62590
Event: 6.602 Thread 0x000001fd3c8f86f0 flushing nmethod 0x000001fd25e62990
Event: 6.602 Thread 0x000001fd3c8f86f0 flushing nmethod 0x000001fd25e75410
Event: 6.603 Thread 0x000001fd3c8f86f0 flushing nmethod 0x000001fd25e97510
Event: 6.605 Thread 0x000001fd3c8f86f0 flushing nmethod 0x000001fd25ee1610
Event: 6.606 Thread 0x000001fd3c8f86f0 flushing nmethod 0x000001fd25eee710
Event: 6.606 Thread 0x000001fd3c8f86f0 flushing nmethod 0x000001fd25ef2e90
Event: 6.607 Thread 0x000001fd3c8f86f0 flushing nmethod 0x000001fd25f08890
Event: 6.607 Thread 0x000001fd3c8f86f0 flushing nmethod 0x000001fd25f33d90
Event: 6.666 Thread 0x000001fd7f47a5e0 Thread added: 0x000001fd7f47a5e0


Dynamic libraries:
0x00007ff7b18d0000 - 0x00007ff7b18de000 	C:\Users\Mr T\Downloads\AnypointStudio\plugins\org.mule.tooling.jdk.win32.x86_64_1.4.1\bin\javaw.exe
0x00007ffb99720000 - 0x00007ffb99987000 	C:\WINDOWS\SYSTEM32\ntdll.dll
0x00007ffb97d50000 - 0x00007ffb97e19000 	C:\WINDOWS\System32\KERNEL32.DLL
0x00007ffb96810000 - 0x00007ffb96c04000 	C:\WINDOWS\System32\KERNELBASE.dll
0x00007ffb963d0000 - 0x00007ffb9651b000 	C:\WINDOWS\System32\ucrtbase.dll
0x00007ffb874c0000 - 0x00007ffb874d7000 	C:\Users\Mr T\Downloads\AnypointStudio\plugins\org.mule.tooling.jdk.win32.x86_64_1.4.1\bin\jli.dll
0x00007ffb83cd0000 - 0x00007ffb83ceb000 	C:\Users\Mr T\Downloads\AnypointStudio\plugins\org.mule.tooling.jdk.win32.x86_64_1.4.1\bin\VCRUNTIME140.dll
0x00007ffb99350000 - 0x00007ffb99515000 	C:\WINDOWS\System32\USER32.dll
0x00007ffb80770000 - 0x00007ffb80a03000 	C:\WINDOWS\WinSxS\amd64_microsoft.windows.common-controls_6595b64144ccf1df_6.0.26100.8115_none_3e075c82e3354f9c\COMCTL32.dll
0x00007ffb96c10000 - 0x00007ffb96c37000 	C:\WINDOWS\System32\win32u.dll
0x00007ffb97e30000 - 0x00007ffb97ed9000 	C:\WINDOWS\System32\msvcrt.dll
0x00007ffb97c90000 - 0x00007ffb97cbb000 	C:\WINDOWS\System32\GDI32.dll
0x00007ffb95ff0000 - 0x00007ffb9611b000 	C:\WINDOWS\System32\gdi32full.dll
0x00007ffb96320000 - 0x00007ffb963c3000 	C:\WINDOWS\System32\msvcp_win.dll
0x00007ffb97c50000 - 0x00007ffb97c82000 	C:\WINDOWS\System32\IMM32.DLL
0x00007ffb908b0000 - 0x00007ffb908bc000 	C:\Users\Mr T\Downloads\AnypointStudio\plugins\org.mule.tooling.jdk.win32.x86_64_1.4.1\bin\vcruntime140_1.dll
0x00007ffb60430000 - 0x00007ffb604bd000 	C:\Users\Mr T\Downloads\AnypointStudio\plugins\org.mule.tooling.jdk.win32.x86_64_1.4.1\bin\msvcp140.dll
0x00007ffb21a10000 - 0x00007ffb2267a000 	C:\Users\Mr T\Downloads\AnypointStudio\plugins\org.mule.tooling.jdk.win32.x86_64_1.4.1\bin\server\jvm.dll
0x00007ffb97a90000 - 0x00007ffb97b46000 	C:\WINDOWS\System32\ADVAPI32.dll
0x00007ffb97fe0000 - 0x00007ffb98087000 	C:\WINDOWS\System32\sechost.dll
0x00007ffb98090000 - 0x00007ffb981a8000 	C:\WINDOWS\System32\RPCRT4.dll
0x00007ffb992c0000 - 0x00007ffb99340000 	C:\WINDOWS\System32\WS2_32.dll
0x00007ffb95e50000 - 0x00007ffb95eae000 	C:\WINDOWS\SYSTEM32\POWRPROF.dll
0x00007ffb90bd0000 - 0x00007ffb90c06000 	C:\WINDOWS\SYSTEM32\WINMM.dll
0x00007ffb829d0000 - 0x00007ffb829db000 	C:\WINDOWS\SYSTEM32\VERSION.dll
0x00007ffb95e30000 - 0x00007ffb95e44000 	C:\WINDOWS\SYSTEM32\UMPDC.dll
0x00007ffb94d80000 - 0x00007ffb94d9b000 	C:\WINDOWS\SYSTEM32\kernel.appcore.dll
0x00007ffb874b0000 - 0x00007ffb874ba000 	C:\Users\Mr T\Downloads\AnypointStudio\plugins\org.mule.tooling.jdk.win32.x86_64_1.4.1\bin\jimage.dll
0x00007ffb93e00000 - 0x00007ffb94042000 	C:\WINDOWS\SYSTEM32\DBGHELP.DLL
0x00007ffb976f0000 - 0x00007ffb97a72000 	C:\WINDOWS\System32\combase.dll
0x00007ffb991e0000 - 0x00007ffb992b8000 	C:\WINDOWS\System32\OLEAUT32.dll
0x00007ffb7b3e0000 - 0x00007ffb7b41b000 	C:\WINDOWS\SYSTEM32\dbgcore.DLL
0x00007ffb965e0000 - 0x00007ffb96685000 	C:\WINDOWS\System32\bcryptPrimitives.dll
0x00007ffb83a40000 - 0x00007ffb83a65000 	C:\Users\Mr T\Downloads\AnypointStudio\plugins\org.mule.tooling.jdk.win32.x86_64_1.4.1\bin\java.dll
0x00007ffb54c80000 - 0x00007ffb54d57000 	C:\Users\Mr T\Downloads\AnypointStudio\plugins\org.mule.tooling.jdk.win32.x86_64_1.4.1\bin\jsvml.dll
0x00007ffb98850000 - 0x00007ffb98fb7000 	C:\WINDOWS\System32\SHELL32.dll
0x00007ffb96120000 - 0x00007ffb9628a000 	C:\WINDOWS\System32\wintypes.dll
0x00007ffb96c40000 - 0x00007ffb974a8000 	C:\WINDOWS\System32\windows.storage.dll
0x00007ffb990d0000 - 0x00007ffb991c8000 	C:\WINDOWS\System32\SHCORE.dll
0x00007ffb97ee0000 - 0x00007ffb97f46000 	C:\WINDOWS\System32\shlwapi.dll
0x00007ffb95f10000 - 0x00007ffb95f39000 	C:\WINDOWS\SYSTEM32\profapi.dll
0x00007ffb86ce0000 - 0x00007ffb86cf9000 	C:\Users\Mr T\Downloads\AnypointStudio\plugins\org.mule.tooling.jdk.win32.x86_64_1.4.1\bin\net.dll
0x00007ffb8f630000 - 0x00007ffb8f75d000 	C:\WINDOWS\SYSTEM32\WINHTTP.dll
0x00007ffb952f0000 - 0x00007ffb9535c000 	C:\WINDOWS\system32\mswsock.dll
0x00007ffb83d80000 - 0x00007ffb83d96000 	C:\Users\Mr T\Downloads\AnypointStudio\plugins\org.mule.tooling.jdk.win32.x86_64_1.4.1\bin\nio.dll
0x00007ffb83d20000 - 0x00007ffb83d38000 	C:\Users\Mr T\Downloads\AnypointStudio\plugins\org.mule.tooling.jdk.win32.x86_64_1.4.1\bin\zip.dll
0x00007ffb86620000 - 0x00007ffb86629000 	C:\Users\Mr T\Downloads\AnypointStudio\plugins\org.mule.tooling.jdk.win32.x86_64_1.4.1\bin\management.dll
0x00007ffb5dc20000 - 0x00007ffb5dc2b000 	C:\Users\Mr T\Downloads\AnypointStudio\plugins\org.mule.tooling.jdk.win32.x86_64_1.4.1\bin\management_ext.dll
0x00007ffb991d0000 - 0x00007ffb991d8000 	C:\WINDOWS\System32\PSAPI.DLL
0x00007ffb71820000 - 0x00007ffb71838000 	C:\WINDOWS\system32\napinsp.dll
0x00007ffb94820000 - 0x00007ffb94952000 	C:\WINDOWS\SYSTEM32\DNSAPI.dll
0x00007ffb94730000 - 0x00007ffb94762000 	C:\WINDOWS\SYSTEM32\IPHLPAPI.DLL
0x00007ffb97a80000 - 0x00007ffb97a8a000 	C:\WINDOWS\System32\NSI.dll
0x00007ffb70d70000 - 0x00007ffb70d83000 	C:\WINDOWS\System32\winrnr.dll
0x00007ffb70d40000 - 0x00007ffb70d62000 	C:\WINDOWS\system32\nlansp_c.dll
0x00007ffb70d20000 - 0x00007ffb70d36000 	C:\WINDOWS\system32\wshbth.dll
0x00007ffb906b0000 - 0x00007ffb906bb000 	C:\Windows\System32\rasadhlp.dll
0x00007ffb90b20000 - 0x00007ffb90ba6000 	C:\WINDOWS\System32\fwpuclnt.dll
0x00007ffb93300000 - 0x00007ffb93310000 	C:\Users\Mr T\Downloads\AnypointStudio\plugins\org.mule.tooling.jdk.win32.x86_64_1.4.1\bin\verify.dll

dbghelp: loaded successfully - version: 4.0.5 - missing functions: none
symbol engine: initialized successfully - sym options: 0x614 - pdb path: .;C:\Users\Mr T\Downloads\AnypointStudio\plugins\org.mule.tooling.jdk.win32.x86_64_1.4.1\bin;C:\WINDOWS\SYSTEM32;C:\WINDOWS\WinSxS\amd64_microsoft.windows.common-controls_6595b64144ccf1df_6.0.26100.8115_none_3e075c82e3354f9c;C:\Users\Mr T\Downloads\AnypointStudio\plugins\org.mule.tooling.jdk.win32.x86_64_1.4.1\bin\server

VM Arguments:
jvm_args: -Djava.library.path= -Dlog4j.skipJansi=true -Djava.io.tmpdir=C:\Users\MRT~1\AppData\Local\Temp\ -Dorg.glassfish.grizzly.DEFAULT_MEMORY_MANAGER=org.glassfish.grizzly.memory.HeapMemoryManager -Dmule.testingMode -Dmunit.server.port=45366 -Dlog4j.configurationFile=C:\Users\Mr T\AppData\Local\Temp\munit-temp-dir\munittarget7764276241627749280\test-classes\log4j2-test.xml --add-opens=java.base/java.lang.reflect=org.mule.runtime.embedded.api --add-opens=java.base/java.lang=org.mule.runtime.embedded.api --add-opens=java.base/java.lang.invoke=org.mule.runtime.embedded.api --add-opens=java.sql/java.sql=org.mule.runtime.embedded.api -Dfile.encoding=UTF-8 -Dstdout.encoding=UTF-8 -Dstderr.encoding=UTF-8 --module-path=C:\Users\Mr T\Downloads\AnypointStudio\plugins\org.mule.tooling.ui.contribution.munit_2.7.15.202502051553\9018\dependencies -XX:+ShowCodeDetailsInExceptionMessages -Djdk.module.main=munit.starter 
java_command: munit.starter/org.mule.munit.starter.LayerStarter -run_configuration C:\Users\Mr T\AppData\Local\Temp\munit-temp-dir\munitworkingdir17813343863083174085\run-configuration.json -module_path C:\Users\Mr T\Downloads\AnypointStudio\plugins\org.mule.tooling.ui.contribution.munit_2.7.15.202502051553\6507\dependencies
java_class_path (initial): C:\Users\Mr T\Downloads\AnypointStudio\plugins\org.mule.tooling.ui.contribution.munit_2.7.15.202502051553\lib\munit-remote-jar-with-dependencies.jar;C:\Users\Mr T\AppData\Local\Temp\munit-temp-dir\munittarget7764276241627749280\test-classes\log4j2-test.xml
Launcher Type: SUN_STANDARD

[Global flags]
     intx CICompilerCount                          = 4                                         {product} {ergonomic}
     uint ConcGCThreads                            = 3                                         {product} {ergonomic}
     uint G1ConcRefinementThreads                  = 10                                        {product} {ergonomic}
   size_t G1HeapRegionSize                         = 1048576                                   {product} {ergonomic}
    uintx GCDrainStackTargetSize                   = 64                                        {product} {ergonomic}
   size_t InitialHeapSize                          = 130023424                                 {product} {ergonomic}
   size_t MarkStackSize                            = 4194304                                   {product} {ergonomic}
   size_t MaxHeapSize                              = 2065694720                                {product} {ergonomic}
   size_t MaxNewSize                               = 1239416832                                {product} {ergonomic}
   size_t MinHeapDeltaBytes                        = 1048576                                   {product} {ergonomic}
   size_t MinHeapSize                              = 8388608                                   {product} {ergonomic}
    uintx NonNMethodCodeHeapSize                   = 5839372                                {pd product} {ergonomic}
    uintx NonProfiledCodeHeapSize                  = 122909434                              {pd product} {ergonomic}
    uintx ProfiledCodeHeapSize                     = 122909434                              {pd product} {ergonomic}
    uintx ReservedCodeCacheSize                    = 251658240                              {pd product} {ergonomic}
     bool SegmentedCodeCache                       = true                                      {product} {ergonomic}
     bool ShowCodeDetailsInExceptionMessages       = true                                   {manageable} {command line}
   size_t SoftMaxHeapSize                          = 2065694720                             {manageable} {ergonomic}
     bool UseCompressedClassPointers               = true                           {product lp64_product} {ergonomic}
     bool UseCompressedOops                        = true                           {product lp64_product} {ergonomic}
     bool UseG1GC                                  = true                                      {product} {ergonomic}
     bool UseLargePagesIndividualAllocation        = false                                  {pd product} {ergonomic}

Logging:
Log output configuration:
 #0: stdout all=warning uptime,level,tags
 #1: stderr all=off uptime,level,tags

Environment Variables:
PATH=C:\Program Files\Common Files\Oracle\Java\javapath;C:\WINDOWS\system32;C:\WINDOWS;C:\WINDOWS\System32\Wbem;C:\WINDOWS\System32\WindowsPowerShell\v1.0\;C:\WINDOWS\System32\OpenSSH\;C:\Program Files\dotnet\;C:\Users\Mr T\AppData\Local\Microsoft\WindowsApps;C:\Users\Mr T\AppData\Local\GitHubDesktop\bin;C:\Program Files\Maven\apache-maven-3.9.11\bin;
USERNAME=Mr T
OS=Windows_NT
PROCESSOR_IDENTIFIER=Intel64 Family 6 Model 186 Stepping 3, GenuineIntel
TMP=C:\Users\MRT~1\AppData\Local\Temp
TEMP=C:\Users\MRT~1\AppData\Local\Temp



Periodic native trim disabled


---------------  S Y S T E M  ---------------

OS:
 Windows 11 , 64 bit Build 26100 (10.0.26100.8246)
OS uptime: 12 days 3:04 hours
Hyper-V role detected

CPU: total 12 (initial active 12) (6 cores per cpu, 2 threads per core) family 6 model 186 stepping 3 microcode 0x6134, cx8, cmov, fxsr, ht, mmx, 3dnowpref, sse, sse2, sse3, ssse3, sse4.1, sse4.2, popcnt, lzcnt, tsc, tscinvbit, avx, avx2, aes, erms, clmul, bmi1, bmi2, adx, sha, fma, vzeroupper, clflush, clflushopt, clwb, hv
Processor Information for all 12 processors :
  Max Mhz: 1300, Current Mhz: 1300, Mhz Limit: 1300

Memory: 4k page, system-wide physical 7876M (624M free)
TotalPageFile size 32452M (AvailPageFile size 10M)
current process WorkingSet (physical memory assigned to process): 363M, peak: 363M
current process commit charge ("private bytes"): 416M, peak: 417M

vm_info: OpenJDK 64-Bit Server VM (17.0.12+7) for windows-amd64 JRE (17.0.12+7), built on Jul 16 2024 22:08:24 by "admin" with MS VC++ 16.10 / 16.11 (VS2019)

END.
